
CondaError: Run 'conda init' before 'conda activate'

/pscratch/sd/g/gzhao27/INR/SOMA/coralsoma/inr.py:39: UserWarning: 
The version_base parameter is not specified.
Please specify a compatability version level, or None.
Will assume defaults for version 1.1
  @hydra.main(config_path="../config/", config_name="siren.yaml")
/pscratch/sd/g/gzhao27/conda/coral/lib/python3.9/site-packages/hydra/_internal/hydra.py:119: UserWarning: Future Hydra versions will no longer change working directory at job runtime by default.
See https://hydra.cc/docs/1.2/upgrades/1.1_to_1.2/changes_to_job_working_dir/ for more information.
  ret = run_job(
/pscratch/sd/g/gzhao27/conda/coral/bin/python
wandb: Currently logged in as: lemon15203 (bnl-lemon). Use `wandb login --relogin` to force relogin
wandb: wandb version 0.19.0 is available!  To upgrade, please run:
wandb:  $ pip install wandb --upgrade
wandb: Tracking run with wandb version 0.17.7
wandb: Run data is saved locally in /pscratch/sd/g/gzhao27/INR/coral/wandb/wandb/run-20241209_035307-0fgy9ols
wandb: Run `wandb offline` to turn off syncing.
wandb: Syncing run SOMA-inr_w020_ld256
wandb: ⭐️ View project at https://wandb.ai/bnl-lemon/w0search
wandb: 🚀 View run at https://wandb.ai/bnl-lemon/w0search/runs/0fgy9ols
/pscratch/sd/g/gzhao27/conda/coral/lib/python3.9/site-packages/torch/functional.py:513: UserWarning: torch.meshgrid: in an upcoming release, it will be required to pass the indexing argument. (Triggered internally at ../aten/src/ATen/native/TensorShape.cpp:3609.)
  return _VF.meshgrid(tensors, **kwargs)  # type: ignore[attr-defined]
/pscratch/sd/g/gzhao27/conda/coral/lib/python3.9/site-packages/torch/optim/lr_scheduler.py:60: UserWarning: The verbose parameter is deprecated. Please use get_last_lr() to access the learning rate.
  warnings.warn(
/pscratch/sd/g/gzhao27/INR/SOMA/utils/data/unstructure_dataset.py:375: FutureWarning: You are using `torch.load` with `weights_only=False` (the current default value), which uses the default pickle module implicitly. It is possible to construct malicious pickle data which will execute arbitrary code during unpickling (See https://github.com/pytorch/pytorch/blob/main/SECURITY.md#untrusted-models for more details). In a future release, the default value for `weights_only` will be flipped to `True`. This limits the functions that could be executed during unpickling. Arbitrary objects will no longer be allowed to be loaded via this mode unless they are explicitly allowlisted by the user via `torch.serialization.add_safe_globals`. We recommend you start setting `weights_only=True` for any use case where you don't have full control of the loaded file. Please open an issue on GitHub for any issues related to this experimental feature.
  graph = torch.load(graph_path)
run dir given None
id 0fgy9ols
dir /pscratch/sd/g/gzhao27/INR/coral/wandb/wandb/run-20241209_035307-0fgy9ols/files
train 80
val 10
Error executing job with overrides: ['data.dataset_name=SOMA', 'inr.model_type=siren', 'data.space_factor=4', 'data.time_factor=2', 'data.ntrain=80', 'data.ntest=20', 'optim.batch_size=8', 'optim.lr_inr=0.001', 'optim.epochs=1500', 'inr.latent_dim=256', 'inr.depth=3', 'inr.hidden_dim=32', 'wandb.saved_checkpoint=False', 'wandb.name=SOMA-inr_w020_ld256', 'wandb.use_wandb=True', 'wandb.project=w0search', 'inr.w0=20']
Traceback (most recent call last):
  File "/pscratch/sd/g/gzhao27/INR/SOMA/coralsoma/inr.py", line 364, in main
    for substep, graph in enumerate(train_loader):
  File "/pscratch/sd/g/gzhao27/conda/coral/lib/python3.9/site-packages/torch/utils/data/dataloader.py", line 630, in __next__
    data = self._next_data()
  File "/pscratch/sd/g/gzhao27/conda/coral/lib/python3.9/site-packages/torch/utils/data/dataloader.py", line 673, in _next_data
    data = self._dataset_fetcher.fetch(index)  # may raise StopIteration
  File "/pscratch/sd/g/gzhao27/conda/coral/lib/python3.9/site-packages/torch/utils/data/_utils/fetch.py", line 52, in fetch
    data = [self.dataset[idx] for idx in possibly_batched_index]
  File "/pscratch/sd/g/gzhao27/conda/coral/lib/python3.9/site-packages/torch/utils/data/_utils/fetch.py", line 52, in <listcomp>
    data = [self.dataset[idx] for idx in possibly_batched_index]
  File "/pscratch/sd/g/gzhao27/INR/SOMA/utils/data/unstructure_dataset.py", line 375, in __getitem__
    graph = torch.load(graph_path)
  File "/pscratch/sd/g/gzhao27/conda/coral/lib/python3.9/site-packages/torch/serialization.py", line 1097, in load
    return _load(
  File "/pscratch/sd/g/gzhao27/conda/coral/lib/python3.9/site-packages/torch/serialization.py", line 1525, in _load
    result = unpickler.load()
  File "/pscratch/sd/g/gzhao27/conda/coral/lib/python3.9/site-packages/torch/serialization.py", line 1492, in persistent_load
    typed_storage = load_tensor(dtype, nbytes, key, _maybe_decode_ascii(location))
  File "/pscratch/sd/g/gzhao27/conda/coral/lib/python3.9/site-packages/torch/serialization.py", line 1457, in load_tensor
    storage = zip_file.get_storage_from_record(name, numel, torch.UntypedStorage)._typed_storage()._untyped_storage
RuntimeError: PytorchStreamReader failed locating file data/6: file not found

Set the environment variable HYDRA_FULL_ERROR=1 for a complete stack trace.
wandb: - 0.014 MB of 0.014 MB uploadedwandb: \ 0.014 MB of 0.030 MB uploadedwandb: | 0.030 MB of 0.030 MB uploadedwandb: 
wandb: Run summary:
wandb: results_dir /pscratch/sd/g/gzhao...
wandb: 
wandb: 🚀 View run SOMA-inr_w020_ld256 at: https://wandb.ai/bnl-lemon/w0search/runs/0fgy9ols
wandb: ⭐️ View project at: https://wandb.ai/bnl-lemon/w0search
wandb: Synced 6 W&B file(s), 0 media file(s), 0 artifact file(s) and 0 other file(s)
wandb: Find logs at: /pscratch/sd/g/gzhao27/INR/coral/wandb/wandb/run-20241209_035307-0fgy9ols/logs
wandb: WARNING The new W&B backend becomes opt-out in version 0.18.0; try it out with `wandb.require("core")`! See https://wandb.me/wandb-core for more information.
