
CondaError: Run 'conda init' before 'conda activate'

/pscratch/sd/g/gzhao27/INR/SOMA/coralsoma/inr.py:39: UserWarning: 
The version_base parameter is not specified.
Please specify a compatability version level, or None.
Will assume defaults for version 1.1
  @hydra.main(config_path="../config/", config_name="siren.yaml")
/pscratch/sd/g/gzhao27/conda/coral/lib/python3.9/site-packages/hydra/_internal/hydra.py:119: UserWarning: Future Hydra versions will no longer change working directory at job runtime by default.
See https://hydra.cc/docs/1.2/upgrades/1.1_to_1.2/changes_to_job_working_dir/ for more information.
  ret = run_job(
/pscratch/sd/g/gzhao27/conda/coral/bin/python
wandb: Currently logged in as: lemon15203 (bnl-lemon). Use `wandb login --relogin` to force relogin
wandb: wandb version 0.19.0 is available!  To upgrade, please run:
wandb:  $ pip install wandb --upgrade
wandb: Tracking run with wandb version 0.17.7
wandb: Run data is saved locally in /pscratch/sd/g/gzhao27/INR/coral/wandb/wandb/run-20241209_030317-3gnlpj6r
wandb: Run `wandb offline` to turn off syncing.
wandb: Syncing run SOMA-inr_w020_ld180
wandb: ⭐️ View project at https://wandb.ai/bnl-lemon/w0search
wandb: 🚀 View run at https://wandb.ai/bnl-lemon/w0search/runs/3gnlpj6r
/pscratch/sd/g/gzhao27/conda/coral/lib/python3.9/site-packages/torch/functional.py:513: UserWarning: torch.meshgrid: in an upcoming release, it will be required to pass the indexing argument. (Triggered internally at ../aten/src/ATen/native/TensorShape.cpp:3609.)
  return _VF.meshgrid(tensors, **kwargs)  # type: ignore[attr-defined]
/pscratch/sd/g/gzhao27/conda/coral/lib/python3.9/site-packages/torch/optim/lr_scheduler.py:60: UserWarning: The verbose parameter is deprecated. Please use get_last_lr() to access the learning rate.
  warnings.warn(
/pscratch/sd/g/gzhao27/INR/SOMA/utils/data/unstructure_dataset.py:375: FutureWarning: You are using `torch.load` with `weights_only=False` (the current default value), which uses the default pickle module implicitly. It is possible to construct malicious pickle data which will execute arbitrary code during unpickling (See https://github.com/pytorch/pytorch/blob/main/SECURITY.md#untrusted-models for more details). In a future release, the default value for `weights_only` will be flipped to `True`. This limits the functions that could be executed during unpickling. Arbitrary objects will no longer be allowed to be loaded via this mode unless they are explicitly allowlisted by the user via `torch.serialization.add_safe_globals`. We recommend you start setting `weights_only=True` for any use case where you don't have full control of the loaded file. Please open an issue on GitHub for any issues related to this experimental feature.
  graph = torch.load(graph_path)
run dir given None
id 3gnlpj6r
dir /pscratch/sd/g/gzhao27/INR/coral/wandb/wandb/run-20241209_030317-3gnlpj6r/files
train 80
val 10
time: 79.35525012016296
train loss
0.9072823524475098
test loss
0.0012780368095263838
0.047975704818964
/pscratch/sd/g/gzhao27/INR/SOMA/2024-12-09SOMA-inr_w020_ld180.pt
time: 20.122629165649414
train loss
0.9065546691417694
time: 59.066086292266846
train loss
0.9065491795539856
time: 51.903270959854126
train loss
0.9059737086296081
time: 18.56477928161621
train loss
0.9050461947917938
time: 19.39621114730835
train loss
0.9013349711894989
time: 20.99338936805725
train loss
0.8832188606262207
time: 20.984935760498047
train loss
0.8625723123550415
time: 20.847737312316895
train loss
0.844282066822052
time: 20.793689727783203
train loss
0.8305617451667786
time: 20.741617918014526
train loss
0.8192066431045533
test loss
0.0011978101450949908
0.042184801399707796
/pscratch/sd/g/gzhao27/INR/SOMA/2024-12-09SOMA-inr_w020_ld180.pt
time: 70.5819399356842
train loss
0.8128091275691987
time: 53.71923232078552
train loss
0.8013907968997955
time: 52.03610849380493
train loss
0.7942901372909545
time: 16.730724096298218
train loss
0.791672146320343
time: 17.53940463066101
train loss
0.7889539182186127
time: 14.91442584991455
train loss
0.7916670501232147
time: 14.970954179763794
train loss
0.7837692141532898
time: 14.910295486450195
train loss
0.7784357905387879
time: 14.900625944137573
train loss
0.7711925327777862
time: 14.909948587417603
train loss
0.7663536548614502
test loss
0.001169959711842239
0.04643984586000442
/pscratch/sd/g/gzhao27/INR/SOMA/2024-12-09SOMA-inr_w020_ld180.pt
time: 14.915319442749023
train loss
0.7635380089282989
time: 14.918585300445557
train loss
0.7602501690387726
time: 14.921496629714966
train loss
0.7551265358924866
time: 14.942814111709595
train loss
0.7511333525180817
time: 14.894636154174805
train loss
0.7478633880615234
time: 14.867010593414307
train loss
0.745192015171051
time: 14.819310903549194
train loss
0.7428695142269135
time: 14.841125011444092
train loss
0.7409441649913788
time: 14.82678771018982
train loss
0.7397110641002655
time: 14.824499130249023
train loss
0.7393336474895478
test loss
0.0011589657980948687
0.04676908105611801
/pscratch/sd/g/gzhao27/INR/SOMA/2024-12-09SOMA-inr_w020_ld180.pt
time: 14.847514867782593
train loss
0.7403335809707642
time: 14.810718059539795
train loss
0.7381422102451325
time: 14.828721284866333
train loss
0.7344437599182129
time: 14.835191488265991
train loss
0.7325793206691742
time: 14.84017014503479
train loss
0.7306934475898743
time: 14.834084510803223
train loss
0.7278384745121003
time: 14.84499716758728
train loss
0.7264027237892151
time: 14.831934452056885
train loss
0.728374981880188
time: 14.86025071144104
train loss
0.7244641184806824
time: 14.85170030593872
train loss
0.7210240364074707
test loss
0.0011486384086310864
0.04482274428009987
/pscratch/sd/g/gzhao27/INR/SOMA/2024-12-09SOMA-inr_w020_ld180.pt
time: 14.843019008636475
train loss
0.7206683933734894
time: 14.84069561958313
train loss
0.7177738070487976
time: 14.837020874023438
train loss
0.7147171318531036
time: 14.84569263458252
train loss
0.7138634264469147
time: 14.839981317520142
train loss
0.7120573163032532
time: 14.8415048122406
train loss
0.7150392353534698
time: 14.83269453048706
train loss
0.7162245750427246
time: 14.840984106063843
train loss
0.7148875534534455
time: 14.839130401611328
train loss
0.7108847677707673
time: 14.84065580368042
train loss
0.7077726006507874
test loss
0.0011421245988458395
0.04686235785484314
/pscratch/sd/g/gzhao27/INR/SOMA/2024-12-09SOMA-inr_w020_ld180.pt
time: 14.823403358459473
train loss
0.7063650071620942
time: 14.835721254348755
train loss
0.7050741374492645
time: 14.823927879333496
train loss
0.706071412563324
time: 14.896297454833984
train loss
0.7114101827144623
time: 14.851048231124878
train loss
0.7099070489406586
time: 14.835407257080078
train loss
0.7184408724308013
time: 14.809064626693726
train loss
0.73573117852211
time: 14.828429698944092
train loss
0.7258174359798432
time: 14.805649995803833
train loss
0.712796014547348
time: 14.824164390563965
train loss
0.7056448340415955
test loss
0.0011403842363506556
0.046694619208574296
/pscratch/sd/g/gzhao27/INR/SOMA/2024-12-09SOMA-inr_w020_ld180.pt
time: 14.847653150558472
train loss
0.7206217348575592
time: 14.827822923660278
train loss
0.7197472095489502
time: 14.837510585784912
train loss
0.7103024005889893
time: 14.842089891433716
train loss
0.7055710613727569
time: 14.829223155975342
train loss
0.7023151278495788
time: 14.848203182220459
train loss
0.6994384109973908
time: 14.826933860778809
train loss
0.697452163696289
time: 14.835661888122559
train loss
0.6964616537094116
time: 14.840871810913086
train loss
0.6979416370391845
time: 14.841863632202148
train loss
0.6956756889820099
test loss
0.0011342707555741071
0.04362580701708794
/pscratch/sd/g/gzhao27/INR/SOMA/2024-12-09SOMA-inr_w020_ld180.pt
time: 14.83713173866272
train loss
0.6945219039916992
time: 14.829033374786377
train loss
0.6943103075027466
time: 14.775936841964722
train loss
0.6927302598953247
time: 14.779630184173584
train loss
0.6909702301025391
time: 14.805758476257324
train loss
0.6946376681327819
time: 14.833470106124878
train loss
0.6964464962482453
time: 14.83885931968689
train loss
0.6961754977703094
time: 14.863677263259888
train loss
0.6938787698745728
time: 14.828018426895142
train loss
0.6904191672801971
time: 14.843122243881226
train loss
0.6892325460910798
test loss
0.0011296402430161835
0.044453690946102145
/pscratch/sd/g/gzhao27/INR/SOMA/2024-12-09SOMA-inr_w020_ld180.pt
time: 14.83254361152649
train loss
0.6877211272716522
time: 14.844918966293335
train loss
0.6868953168392181
time: 14.82730507850647
train loss
0.6869666397571563
time: 14.822814702987671
train loss
0.6856576383113862
time: 14.821275472640991
train loss
0.6866489589214325
time: 14.817192554473877
train loss
0.6899553537368774
time: 14.816967010498047
train loss
0.6876066565513611
time: 14.818130254745483
train loss
0.6926757037639618
time: 14.836933374404907
train loss
0.6910855591297149
time: 14.835577249526978
train loss
0.6938604056835175
test loss
0.0011355126043781638
0.043600448220968244
time: 14.845734596252441
train loss
0.6899344563484192
time: 14.839923620223999
train loss
0.6861385583877564
time: 14.844161748886108
train loss
0.6846128642559052
time: 14.832788944244385
train loss
0.6842949450016022
time: 14.828060865402222
train loss
0.6829676866531372
time: 14.820722341537476
train loss
0.681369960308075
time: 14.835365295410156
train loss
0.6804949700832367
time: 14.841226816177368
train loss
0.6802928149700165
time: 14.839040279388428
train loss
0.6804454624652863
time: 14.83180022239685
train loss
0.6806711733341217
test loss
0.001126947905868292
0.04409761354327202
/pscratch/sd/g/gzhao27/INR/SOMA/2024-12-09SOMA-inr_w020_ld180.pt
time: 14.913796424865723
train loss
0.6823213368654251
time: 14.847915887832642
train loss
0.6823130488395691
time: 14.825571537017822
train loss
0.6796537935733795
time: 14.83346152305603
train loss
0.6785618305206299
time: 14.81879210472107
train loss
0.6787635445594787
time: 14.85816478729248
train loss
0.678361377120018
time: 14.826165437698364
train loss
0.6774506151676178
time: 14.834439992904663
train loss
0.6807254135608674
time: 14.850823163986206
train loss
0.6799612522125245
time: 14.820162057876587
train loss
0.6797565042972564
test loss
0.0011241908418014646
0.04441449865698814
/pscratch/sd/g/gzhao27/INR/SOMA/2024-12-09SOMA-inr_w020_ld180.pt
time: 15.061557054519653
train loss
0.6794905334711074
time: 14.987716436386108
train loss
0.6787836194038391
time: 15.047782182693481
train loss
0.6775723755359649
time: 15.01029920578003
train loss
0.6803142666816712
time: 14.985108375549316
train loss
0.6831048130989075
time: 15.006484985351562
train loss
0.6948835670948028
time: 15.006452560424805
train loss
0.6915029048919678
time: 14.99974012374878
train loss
0.6937247276306152
time: 15.01667070388794
train loss
0.6966476142406464
time: 15.042361497879028
train loss
0.6955065786838531
test loss
0.0011364032048732041
0.046291802823543546
time: 15.024063110351562
train loss
0.6898022413253784
time: 15.068820476531982
train loss
0.6870916008949279
time: 15.02665400505066
train loss
0.682130229473114
time: 14.990540027618408
train loss
0.6783596873283386
time: 14.977769613265991
train loss
0.6754802525043487
time: 15.089510917663574
train loss
0.674218475818634
time: 14.98433780670166
train loss
0.6733209311962127
time: 15.032268047332764
train loss
0.6735359787940979
time: 15.017704010009766
train loss
0.6736608386039734
time: 14.998291492462158
train loss
0.6735534727573395
test loss
0.0011189695447683333
0.04343866407871246
/pscratch/sd/g/gzhao27/INR/SOMA/2024-12-09SOMA-inr_w020_ld180.pt
time: 14.973927736282349
train loss
0.672274050116539
time: 15.065768718719482
train loss
0.6718850374221802
time: 15.003770589828491
train loss
0.6723722219467163
time: 14.952290058135986
train loss
0.6721938729286194
time: 14.795816421508789
train loss
0.6727689445018769
time: 14.825237274169922
train loss
0.6732110977172852
time: 14.819236516952515
train loss
0.6719491899013519
time: 14.828055381774902
train loss
0.6717592656612397
time: 14.849836826324463
train loss
0.6702291369438171
time: 14.876297235488892
train loss
0.6701636493206025
test loss
0.0011201113695278764
0.044141479581594464
time: 14.897952318191528
train loss
0.6704000651836395
time: 14.851358652114868
train loss
0.6706384539604187
time: 14.852985620498657
train loss
0.6722657322883606
time: 14.920337438583374
train loss
0.6721793711185455
time: 14.844245672225952
train loss
0.6721303462982178
time: 14.828723192214966
train loss
0.6784504950046539
time: 14.832575798034668
train loss
0.6816467463970184
time: 14.854777336120605
train loss
0.6767836034297943
time: 14.858017921447754
train loss
0.6831433176994324
time: 14.850576162338257
train loss
0.6963781952857971
test loss
0.0011499586049467324
0.044069673866033554
time: 14.84901762008667
train loss
0.6840946733951568
time: 14.856717348098755
train loss
0.6772986710071563
time: 14.846665143966675
train loss
0.6737192451953888
time: 14.82808780670166
train loss
0.6709520518779755
time: 14.851800918579102
train loss
0.6698473215103149
time: 14.835357427597046
train loss
0.669297206401825
time: 14.83573317527771
train loss
0.6683297634124756
time: 14.867016077041626
train loss
0.6672161817550659
time: 14.839491605758667
train loss
0.6665068864822388
time: 14.843955278396606
train loss
0.6658287882804871
test loss
0.0011181187583133578
0.04442275390028953
/pscratch/sd/g/gzhao27/INR/SOMA/2024-12-09SOMA-inr_w020_ld180.pt
time: 14.841762065887451
train loss
0.6666138052940369
time: 14.81527304649353
train loss
0.6663895785808563
time: 14.826113939285278
train loss
0.6669622898101807
time: 14.850256204605103
train loss
0.6679143309593201
time: 14.837788343429565
train loss
0.6690748751163482
time: 14.83540415763855
train loss
0.6679323494434357
time: 14.812547206878662
train loss
0.6657340824604034
time: 14.843918561935425
train loss
0.6679299056529999
time: 14.975977897644043
train loss
0.6676737189292907
time: 15.028209209442139
train loss
0.6696387946605682
test loss
0.0011248912895098328
0.04558691158890724
time: 14.973753690719604
train loss
0.6733409941196442
time: 14.9548020362854
train loss
0.6688029110431671
time: 14.816903829574585
train loss
0.670406723022461
time: 14.836112022399902
train loss
0.6843828618526459
time: 14.822056531906128
train loss
0.6804622292518616
time: 14.81401777267456
train loss
0.6752390801906586
time: 14.819139242172241
train loss
0.6715506553649903
time: 14.816482782363892
train loss
0.6680098533630371
time: 14.806784629821777
train loss
0.6664921879768372
time: 14.8202223777771
train loss
0.6650861918926239
test loss
0.0011176477652043103
0.04409653767943382
/pscratch/sd/g/gzhao27/INR/SOMA/2024-12-09SOMA-inr_w020_ld180.pt
time: 14.81235146522522
train loss
0.6638327002525329
time: 14.813796281814575
train loss
0.6627169966697692
time: 14.821911573410034
train loss
0.6612855792045593
time: 14.818171501159668
train loss
0.6609391868114471
time: 14.819532632827759
train loss
0.6605235040187836
time: 14.835552453994751
train loss
0.6606014966964722
time: 14.829362154006958
train loss
0.6606596827507019
time: 14.803309440612793
train loss
0.660554027557373
time: 14.901057481765747
train loss
0.6597331643104554
time: 14.840247631072998
train loss
0.6607492685317993
test loss
0.001114431256428361
0.046670728176832196
/pscratch/sd/g/gzhao27/INR/SOMA/2024-12-09SOMA-inr_w020_ld180.pt
time: 14.834814548492432
train loss
0.6605541169643402
time: 14.804636240005493
train loss
0.660592120885849
time: 14.833869218826294
train loss
0.6596826434135437
time: 14.817724704742432
train loss
0.662252527475357
time: 14.837732076644897
train loss
0.6680168628692627
time: 14.824891567230225
train loss
0.6752693951129913
time: 14.824450731277466
train loss
0.6940341055393219
time: 14.837897062301636
train loss
0.6973271191120147
time: 14.81906795501709
train loss
0.7048673391342163
time: 14.838990688323975
train loss
0.7246310174465179
test loss
0.0012205179315060376
0.05472486987709999
time: 14.83209228515625
train loss
0.7331550359725952
time: 14.854220390319824
train loss
0.7178289115428924
time: 14.832774639129639
train loss
0.7170678496360778
time: 14.829193115234375
train loss
0.7024530053138733
time: 14.840606451034546
train loss
0.6976509809494018
time: 14.822497367858887
train loss
0.6884855687618255
time: 14.829720497131348
train loss
0.6791941046714782
time: 14.852598905563354
train loss
0.6741542160511017
time: 14.794200897216797
train loss
0.6700001537799836
time: 14.849592208862305
train loss
0.6679264366626739
test loss
0.0011169581208378076
0.04484209716320038
time: 14.855080842971802
train loss
0.6660978019237518
time: 14.829417943954468
train loss
0.6650598347187042
time: 14.844336986541748
train loss
0.6641672194004059
time: 14.853648900985718
train loss
0.6634364366531372
time: 14.81936264038086
train loss
0.6630001544952393
time: 14.8349769115448
train loss
0.6635537266731262
time: 14.831229209899902
train loss
0.6705476582050324
time: 14.829365015029907
train loss
0.6667004227638245
time: 14.83504056930542
train loss
0.66402827501297
time: 14.921323776245117
train loss
0.6622968912124634
test loss
0.0011134743224829435
0.04481564611196518
/pscratch/sd/g/gzhao27/INR/SOMA/2024-12-09SOMA-inr_w020_ld180.pt
time: 15.028744220733643
train loss
0.6614980041980744
time: 15.017712354660034
train loss
0.66002237200737
time: 14.978977918624878
train loss
0.6595225691795349
time: 15.023810148239136
train loss
0.6593908727169037
time: 15.008114099502563
train loss
0.6589675962924957
time: 14.956514120101929
train loss
0.6578648507595062
time: 14.975365400314331
train loss
0.6574096262454987
time: 15.02212381362915
train loss
0.6569953858852386
time: 14.993350982666016
train loss
0.6575304925441742
time: 15.024583101272583
train loss
0.6579531788825989
test loss
0.0011085542384535075
0.04702610522508621
/pscratch/sd/g/gzhao27/INR/SOMA/2024-12-09SOMA-inr_w020_ld180.pt
time: 15.006141185760498
train loss
0.6580364882946015
time: 14.997235774993896
train loss
0.6583313703536987
time: 15.112958908081055
train loss
0.6594159603118896
time: 15.014166355133057
train loss
0.6596036970615387
time: 15.000534534454346
train loss
0.6588620841503143
time: 15.056774377822876
train loss
0.6576419532299042
time: 14.977031946182251
train loss
0.6574950277805328
time: 15.002164363861084
train loss
0.657929515838623
time: 14.97750997543335
train loss
0.659063744544983
time: 15.038123369216919
train loss
0.6579002737998962
test loss
0.001109503861516714
0.0438642792403698
time: 14.99657154083252
train loss
0.6586527287960052
time: 15.021578550338745
train loss
0.6699246823787689
time: 15.026905059814453
train loss
0.6756902217864991
time: 15.037958860397339
train loss
0.6757561504840851
time: 15.014398574829102
train loss
0.671030056476593
time: 15.057192325592041
train loss
0.6748644649982453
time: 15.066999435424805
train loss
0.6721067786216736
time: 15.017338275909424
train loss
0.6733192503452301
time: 14.975281000137329
train loss
0.6659376859664917
time: 14.98945140838623
train loss
0.6622664749622345
test loss
0.001110109849832952
0.04699300900101662
time: 14.97515058517456
train loss
0.6589215159416199
time: 15.028353929519653
train loss
0.6583032071590423
time: 14.986310482025146
train loss
0.6592673122882843
time: 14.956890106201172
train loss
0.6594028651714325
time: 14.999004602432251
train loss
0.6595316112041474
time: 15.066710948944092
train loss
0.6571920454502106
time: 14.991568565368652
train loss
0.6556613028049469
time: 15.05772352218628
train loss
0.6546726167201996
time: 14.96671462059021
train loss
0.6544540703296662
time: 14.958317041397095
train loss
0.655029708147049
test loss
0.001105226145591587
0.04478418081998825
/pscratch/sd/g/gzhao27/INR/SOMA/2024-12-09SOMA-inr_w020_ld180.pt
time: 15.000234127044678
train loss
0.6541108340024948
time: 15.033323287963867
train loss
0.6541976213455201
time: 14.965554237365723
train loss
0.6530774056911468
time: 14.972850322723389
train loss
0.6532289505004882
time: 14.973135948181152
train loss
0.6546375155448914
time: 15.025391817092896
train loss
0.6582103073596954
time: 17.667235851287842
train loss
0.6652582943439483
time: 16.464492797851562
train loss
0.6816176235675812
time: 15.050313472747803
train loss
0.728169584274292
time: 15.005015134811401
train loss
0.7663186669349671
test loss
0.001228697970509529
0.060664749890565875
time: 14.940858364105225
train loss
0.7564660966396332
time: 14.86855673789978
train loss
0.7498702764511108
time: 14.888498783111572
train loss
0.7551589965820312
time: 14.87658977508545
train loss
0.7499817669391632
time: 14.903943538665771
train loss
0.7550292193889618
time: 14.877505540847778
train loss
0.7360904932022094
time: 14.910084247589111
train loss
0.7128434360027314
time: 14.865965127944946
train loss
0.7003398656845092
time: 15.072460651397705
train loss
0.6917080044746399
time: 15.764415979385376
train loss
0.6854242205619812
test loss
0.0011236505350098013
0.04690487235784531
time: 15.050888538360596
train loss
0.6813257575035095
time: 15.12417459487915
train loss
0.678613293170929
time: 15.062146425247192
train loss
0.6760392785072327
time: 15.061598062515259
train loss
0.6749866545200348
time: 15.050938844680786
train loss
0.6751034319400787
time: 15.061748266220093
train loss
0.672858989238739
time: 15.047064304351807
train loss
0.6710297703742981
time: 15.071207284927368
train loss
0.6700578570365906
time: 15.059197902679443
train loss
0.6687298536300659
time: 15.060723304748535
train loss
0.668008416891098
test loss
0.0011099631432443858
0.0453973762691021
time: 15.093989133834839
train loss
0.6679863691329956
time: 15.061565160751343
train loss
0.6670168101787567
time: 15.097033262252808
train loss
0.6656508445739746
time: 15.09349250793457
train loss
0.6646827578544616
time: 15.074864387512207
train loss
0.6656158864498138
time: 15.05807638168335
train loss
0.664968603849411
time: 15.059832572937012
train loss
0.6635554730892181
time: 15.081820011138916
train loss
0.6628621697425843
time: 15.133775472640991
train loss
0.6621512234210968
time: 15.077545166015625
train loss
0.6611609995365143
test loss
0.0011059193406254054
0.04614507406949997
time: 15.106687068939209
train loss
0.6607146501541138
time: 15.075179815292358
train loss
0.6614965081214905
time: 15.067514657974243
train loss
0.6608392775058747
time: 15.092445373535156
train loss
0.6627710282802581
time: 15.073753356933594
train loss
0.6633950769901276
time: 15.242927312850952
train loss
0.6629544019699096
time: 15.142896175384521
train loss
0.661393940448761
time: 15.107198476791382
train loss
0.660637253522873
time: 15.119483709335327
train loss
0.6604751229286194
time: 15.118517875671387
train loss
0.65932856798172
test loss
0.0011033990303985775
0.04736505374312401
/pscratch/sd/g/gzhao27/INR/SOMA/2024-12-09SOMA-inr_w020_ld180.pt
time: 15.12697982788086
train loss
0.6585875749588013
time: 15.119140625
train loss
0.6587743818759918
time: 15.127119064331055
train loss
0.658507439494133
time: 15.14327597618103
train loss
0.6575523793697358
time: 15.099614143371582
train loss
0.6578216552734375
time: 15.020260572433472
train loss
0.6573396265506745
time: 14.9811372756958
train loss
0.6573512732982636
time: 14.956045627593994
train loss
0.6566300570964814
time: 14.990200996398926
train loss
0.6558886468410492
time: 15.003565073013306
train loss
0.6570508360862732
test loss
0.0011026881635189056
0.04712843894958496
/pscratch/sd/g/gzhao27/INR/SOMA/2024-12-09SOMA-inr_w020_ld180.pt
time: 15.015136003494263
train loss
0.6565896213054657
time: 14.96331262588501
train loss
0.6568560361862182
time: 14.963571310043335
train loss
0.6576425224542618
time: 14.945591449737549
train loss
0.6565880596637725
time: 14.948424577713013
train loss
0.6565450429916382
time: 14.927031993865967
train loss
0.6566830396652221
time: 14.954147100448608
train loss
0.6557329058647156
time: 14.949660062789917
train loss
0.655566293001175
time: 14.950916051864624
train loss
0.6555907547473907
time: 14.999614715576172
train loss
0.6594100952148437
test loss
0.001105828513391316
0.044955861568450925
time: 14.960497617721558
train loss
0.6635214149951935
time: 14.96289348602295
train loss
0.6838962137699127
time: 14.947497129440308
train loss
0.6826692998409272
time: 14.971801042556763
train loss
0.6743146300315856
time: 14.966140508651733
train loss
0.6670144259929657
time: 14.961709260940552
train loss
0.6634652197360993
time: 14.960607528686523
train loss
0.6590924263000488
time: 14.9472496509552
train loss
0.6561899602413177
time: 14.944912910461426
train loss
0.6544386625289917
time: 14.955839157104492
train loss
0.6536334395408631
test loss
0.0010970806004479527
0.04373343139886856
/pscratch/sd/g/gzhao27/INR/SOMA/2024-12-09SOMA-inr_w020_ld180.pt
time: 14.951736688613892
train loss
0.6532287418842315
time: 14.924537897109985
train loss
0.6534094452857971
time: 14.891364812850952
train loss
0.6534909725189209
time: 14.952280521392822
train loss
0.6535267949104309
time: 14.930121898651123
train loss
0.652634859085083
time: 14.917482614517212
train loss
0.6528228640556335
time: 14.929251432418823
train loss
0.6532660603523255
time: 14.936516284942627
train loss
0.6529097437858582
time: 14.924047470092773
train loss
0.6523413181304931
time: 14.923382759094238
train loss
0.6516716539859772
test loss
0.0010968298884108663
0.04626792818307877
/pscratch/sd/g/gzhao27/INR/SOMA/2024-12-09SOMA-inr_w020_ld180.pt
time: 14.913880586624146
train loss
0.6526773035526275
time: 14.927087306976318
train loss
0.6525368750095367
time: 14.88784909248352
train loss
0.6543263733386994
time: 14.933807134628296
train loss
0.6597934365272522
time: 14.944843769073486
train loss
0.6631221115589142
time: 14.933996677398682
train loss
0.6613855123519897
time: 14.920682430267334
train loss
0.6649902999401093
time: 14.932593584060669
train loss
0.6596596837043762
time: 14.938778638839722
train loss
0.6554809033870697
time: 14.994739294052124
train loss
0.6536898195743561
test loss
0.0010977110592648386
0.04485950246453285
time: 15.023615837097168
train loss
0.651999443769455
time: 15.002419710159302
train loss
0.650836181640625
time: 14.980830192565918
train loss
0.6508177280426025
time: 15.020047187805176
train loss
0.6519270837306976
time: 14.970685958862305
train loss
0.6511649906635284
time: 15.00131869316101
train loss
0.65131274163723
time: 15.012478828430176
train loss
0.6506060779094696
time: 15.011829137802124
train loss
0.6504418432712555
time: 14.98757028579712
train loss
0.6499647080898285
time: 14.998223304748535
train loss
0.650110274553299
test loss
0.0010960177518427373
0.04367026388645172
/pscratch/sd/g/gzhao27/INR/SOMA/2024-12-09SOMA-inr_w020_ld180.pt
time: 15.021020650863647
train loss
0.6507306873798371
time: 15.000932455062866
train loss
0.6507700979709625
time: 16.868948459625244
train loss
0.6523627996444702
time: 15.007845401763916
train loss
0.6542267262935638
time: 15.103106260299683
train loss
0.6521363317966461
time: 14.990103960037231
train loss
0.6520001053810119
time: 15.025768280029297
train loss
0.6556743800640106
time: 15.015673637390137
train loss
0.6596825540065765
time: 15.020233154296875
train loss
0.6604867398738861
time: 15.078329801559448
train loss
0.6729499042034149
test loss
0.001124680507928133
0.04924945533275604
time: 15.122361421585083
train loss
0.6728653192520142
time: 15.072951078414917
train loss
0.6678866565227508
time: 15.099922895431519
train loss
0.6976936757564545
time: 15.10567831993103
train loss
0.69927219748497
time: 15.106470108032227
train loss
0.6895171344280243
time: 15.170871496200562
train loss
0.6796494603157044
time: 15.110099077224731
train loss
0.6655477285385132
time: 15.08081865310669
train loss
0.6594044864177704
time: 15.086127042770386
train loss
0.6583025693893433
time: 15.078091621398926
train loss
0.6552033483982086
test loss
0.0011011362774297595
0.04409630075097084
time: 15.10744833946228
train loss
0.6541942656040192
time: 15.110432147979736
train loss
0.6535273194313049
time: 15.107350826263428
train loss
0.6515112459659577
time: 15.100894927978516
train loss
0.6512303411960602
time: 15.104108095169067
train loss
0.6516013860702514
time: 15.07767128944397
train loss
0.650583952665329
time: 15.13737416267395
train loss
0.6499296367168427
time: 15.109138488769531
train loss
0.6494452774524688
time: 15.09540343284607
train loss
0.6492864787578583
time: 15.105756998062134
train loss
0.6490333020687103
test loss
0.0010960636427626014
0.04579609706997871
time: 15.107487440109253
train loss
0.6489451169967652
time: 15.056581735610962
train loss
0.6481948792934418
time: 15.066743850708008
train loss
0.6482603907585144
time: 15.040015697479248
train loss
0.6481754958629609
time: 15.039492130279541
train loss
0.6485389292240142
time: 15.06801176071167
train loss
0.6490624070167541
time: 15.0730299949646
train loss
0.6482054948806762
time: 15.07309341430664
train loss
0.6479926466941833
time: 15.067262172698975
train loss
0.6474825978279114
time: 15.059663534164429
train loss
0.64738609790802
test loss
0.0010936338687315584
0.04507605955004692
/pscratch/sd/g/gzhao27/INR/SOMA/2024-12-09SOMA-inr_w020_ld180.pt
time: 15.087849855422974
train loss
0.6485466182231903
time: 15.081394672393799
train loss
0.6483395755290985
time: 15.060046911239624
train loss
0.6496253728866577
time: 15.043532133102417
train loss
0.6518019437789917
time: 15.071120977401733
train loss
0.6505177080631256
time: 15.041916847229004
train loss
0.651089471578598
time: 15.061763525009155
train loss
0.6544674873352051
time: 15.062021732330322
train loss
0.6559099853038788
time: 15.049504041671753
train loss
0.6554249167442322
time: 15.10096287727356
train loss
0.657459419965744
test loss
0.0011124919401481748
0.04627209827303887
time: 15.409757852554321
train loss
0.6630928754806519
time: 15.066454887390137
train loss
0.6618126451969146
time: 15.103972911834717
train loss
0.6568140327930451
time: 15.093174457550049
train loss
0.652995765209198
time: 15.081787586212158
train loss
0.65265451669693
time: 15.092546939849854
train loss
0.6501221120357513
time: 15.07289457321167
train loss
0.6487031698226928
time: 15.095246315002441
train loss
0.6479761123657226
time: 15.063683032989502
train loss
0.6475926697254181
time: 15.051316499710083
train loss
0.6466520845890045
test loss
0.0010965203400701284
0.045507960766553876
time: 15.115153312683105
train loss
0.6466398537158966
time: 15.088086366653442
train loss
0.6468198120594024
time: 15.068463325500488
train loss
0.6459982812404632
time: 15.105133295059204
train loss
0.6458658874034882
time: 15.055632829666138
train loss
0.6460349977016449
time: 15.061074256896973
train loss
0.6468306064605713
time: 15.079688787460327
train loss
0.6491659998893737
time: 15.137805700302124
train loss
0.6491679728031159
time: 15.08563232421875
train loss
0.6483106195926667
time: 15.058168411254883
train loss
0.6472303032875061
test loss
0.0010943525470793248
0.04417801201343537
time: 15.107161521911621
train loss
0.6470728397369385
time: 15.097363710403442
train loss
0.6479523479938507
time: 15.107742309570312
train loss
0.6463155448436737
time: 15.082534551620483
train loss
0.6462184011936187
time: 15.101646184921265
train loss
0.647446483373642
time: 15.103122472763062
train loss
0.6475544571876526
time: 15.090949058532715
train loss
0.6471492648124695
time: 15.110589027404785
train loss
0.6466190934181213
time: 15.081806898117065
train loss
0.645488691329956
time: 15.080661535263062
train loss
0.6452136635780334
test loss
0.0010927685536444188
0.045521796494722364
/pscratch/sd/g/gzhao27/INR/SOMA/2024-12-09SOMA-inr_w020_ld180.pt
time: 15.096834421157837
train loss
0.6448697149753571
time: 15.079979181289673
train loss
0.6442768514156342
time: 15.080739974975586
train loss
0.645160335302353
time: 15.105937004089355
train loss
0.6452666878700256
time: 15.089862585067749
train loss
0.6450774401426316
time: 15.12627649307251
train loss
0.6441894233226776
time: 15.102003574371338
train loss
0.6446336030960083
time: 15.933650493621826
train loss
0.6442090749740601
time: 15.134482860565186
train loss
0.6443585932254792
time: 15.176588296890259
train loss
0.6460261523723603
test loss
0.001095391158014536
0.04560545235872269
time: 15.121414184570312
train loss
0.6465569198131561
time: 15.08294415473938
train loss
0.6462188065052032
time: 15.068559169769287
train loss
0.6508334994316101
time: 15.062710762023926
train loss
0.6645768880844116
time: 15.075956344604492
train loss
0.7114927589893341
time: 15.10019302368164
train loss
0.7447708368301391
time: 15.060460567474365
train loss
0.7415661871433258
time: 15.091169357299805
train loss
0.7308049976825715
time: 15.091014862060547
train loss
0.7505850613117218
time: 15.079277038574219
train loss
0.730829256772995
test loss
0.0011554649798199534
0.047794186323881147
time: 15.129761457443237
train loss
0.7020528018474579
time: 15.099402666091919
train loss
0.687165904045105
time: 15.104468584060669
train loss
0.6775495707988739
time: 15.109587907791138
train loss
0.6698471069335937
time: 15.104984045028687
train loss
0.6652296602725982
time: 15.108006000518799
train loss
0.6622325003147125
time: 15.10482144355774
train loss
0.6603112101554871
time: 15.14379620552063
train loss
0.6584493935108184
time: 15.129820585250854
train loss
0.6574673354625702
time: 15.118841648101807
train loss
0.6567051649093628
test loss
0.001100530941039324
0.04629455208778381
time: 15.114896535873413
train loss
0.6562510550022125
time: 15.08347487449646
train loss
0.6555787920951843
time: 15.080778360366821
train loss
0.6546405732631684
time: 15.067803621292114
train loss
0.6536101758480072
time: 15.16159987449646
train loss
0.6529420256614685
time: 15.10455322265625
train loss
0.6519818156957626
time: 15.076138019561768
train loss
0.6536856710910797
time: 15.084527254104614
train loss
0.6539279103279114
time: 15.074571371078491
train loss
0.6541182339191437
time: 15.091272115707397
train loss
0.653918182849884
test loss
0.0010987223125994206
0.04534850865602493
time: 15.068253755569458
train loss
0.6527246117591858
time: 15.108345031738281
train loss
0.6512083292007447
time: 15.116975545883179
train loss
0.6524543941020966
time: 15.056330919265747
train loss
0.652355283498764
time: 15.072328567504883
train loss
0.651855754852295
time: 15.079428672790527
train loss
0.6513032913208008
time: 15.092956066131592
train loss
0.6503558099269867
time: 15.090819835662842
train loss
0.6497312784194946
time: 15.106279373168945
train loss
0.6494983077049256
time: 15.092081785202026
train loss
0.6489857971668244
test loss
0.0010921541834250093
0.04599093422293663
/pscratch/sd/g/gzhao27/INR/SOMA/2024-12-09SOMA-inr_w020_ld180.pt
time: 15.100472450256348
train loss
0.6487899601459504
time: 15.083806037902832
train loss
0.6485977292060852
time: 15.08763599395752
train loss
0.650242292881012
time: 15.107704162597656
train loss
0.6498241662979126
time: 15.095405578613281
train loss
0.6498186588287354
time: 15.051506280899048
train loss
0.6525958955287934
time: 15.096493244171143
train loss
0.6559145271778106
time: 15.07679295539856
train loss
0.6598572671413422
time: 15.088128805160522
train loss
0.6631653606891632
time: 15.082113265991211
train loss
0.6597545087337494
test loss
0.0011067337822169066
0.04572834223508835
time: 15.104510068893433
train loss
0.66025310754776
time: 15.05072283744812
train loss
0.658166229724884
time: 15.0732901096344
train loss
0.6557505011558533
time: 15.079982995986938
train loss
0.65213702917099
time: 15.071164846420288
train loss
0.6498370707035065
time: 15.062170028686523
train loss
0.6483564436435699
time: 15.067761421203613
train loss
0.6485246896743775
time: 15.071414947509766
train loss
0.6472879886627197
time: 15.089435577392578
train loss
0.6469305753707886
time: 15.072296857833862
train loss
0.6466231226921082
test loss
0.0010892456280998885
0.043551625311374666
/pscratch/sd/g/gzhao27/INR/SOMA/2024-12-09SOMA-inr_w020_ld180.pt
time: 15.101885080337524
train loss
0.6470787048339843
time: 15.08024525642395
train loss
0.6478660702705383
time: 19.317331790924072
train loss
0.6504429697990417
time: 14.959997415542603
train loss
0.6490289628505707
time: 15.238641500473022
train loss
0.6483989596366883
time: 14.986800909042358
train loss
0.6469889581203461
time: 14.96005892753601
train loss
0.6469071745872498
time: 14.96954894065857
train loss
0.6464315593242645
time: 15.014913558959961
train loss
0.6457612693309784
time: 14.999207735061646
train loss
0.6467347860336303
test loss
0.0010917538544163107
0.04411169588565826
time: 15.000882387161255
train loss
0.6475301027297974
time: 14.974142074584961
train loss
0.6483830243349076
time: 15.00389313697815
train loss
0.6480987548828125
time: 15.103482484817505
train loss
0.649063116312027
time: 15.953287124633789
train loss
0.6542408347129822
time: 15.115841627120972
train loss
0.6822412669658661
time: 15.17698621749878
train loss
0.6964771449565887
time: 15.124438285827637
train loss
0.6900539994239807
time: 15.14292025566101
train loss
0.6770742118358613
time: 15.108673810958862
train loss
0.6707045137882233
test loss
0.0011162856128066779
0.048789041489362715
time: 15.129914999008179
train loss
0.6623287796974182
time: 15.120085000991821
train loss
0.6544738650321961
time: 15.130820512771606
train loss
0.6509506940841675
time: 15.124564170837402
train loss
0.6497822523117065
time: 15.115885019302368
train loss
0.6487665772438049
time: 15.11950397491455
train loss
0.649499648809433
time: 15.118449687957764
train loss
0.6506158709526062
time: 15.134054899215698
train loss
0.6489659786224365
time: 15.158170223236084
train loss
0.6467661499977112
time: 15.129928350448608
train loss
0.6465239703655243
test loss
0.0010912990430369974
0.04432090297341347
time: 15.143267393112183
train loss
0.646522170305252
time: 15.129859685897827
train loss
0.6458933353424072
time: 15.13040542602539
train loss
0.645963978767395
time: 15.130694150924683
train loss
0.6457986891269684
time: 15.12508487701416
train loss
0.6459941327571869
time: 15.131615161895752
train loss
0.6469489276409149
time: 15.142868280410767
train loss
0.6485065758228302
time: 15.153568267822266
train loss
0.64696706533432
time: 15.160606384277344
train loss
0.6461292505264282
time: 15.144899606704712
train loss
0.6460223972797394
test loss
0.0010901709552854299
0.044160937517881395
time: 16.09127378463745
train loss
0.6449792861938477
time: 20.827199697494507
train loss
0.6438165664672851
time: 15.066673994064331
train loss
0.6444091200828552
time: 15.376594543457031
train loss
0.6453105568885803
time: 14.997176885604858
train loss
0.6444915890693664
time: 15.151000499725342
train loss
0.6441715061664581
time: 15.090600967407227
train loss
0.6446040332317352
time: 15.065369844436646
train loss
0.64443439245224
time: 15.067203521728516
train loss
0.647120600938797
time: 15.060772180557251
train loss
0.6475524306297302
test loss
0.001090624276548624
0.04623511359095574
time: 15.084980726242065
train loss
0.6463529646396637
time: 15.056187629699707
train loss
0.6444195330142974
time: 15.08996844291687
train loss
0.643034017086029
time: 15.06836748123169
train loss
0.6425161480903625
time: 15.049314260482788
train loss
0.6424445033073425
time: 15.144961833953857
train loss
0.6422826111316681
time: 15.088304281234741
train loss
0.6438251793384552
time: 15.044573068618774
train loss
0.6482267498970031
time: 15.050476312637329
train loss
0.6544059216976166
time: 15.047514915466309
train loss
0.658737963438034
test loss
0.0011123591801151633
0.04745855778455734
time: 15.095439910888672
train loss
0.6629641115665436
time: 15.077255725860596
train loss
0.6608482301235199
time: 15.071685791015625
train loss
0.6705981373786927
time: 15.056504964828491
train loss
0.678742253780365
time: 15.074492692947388
train loss
0.6618318021297455
time: 15.072876691818237
train loss
0.66285280585289
time: 15.067102670669556
train loss
0.6674258053302765
time: 15.078391790390015
train loss
0.6584431052207946
time: 15.086259603500366
train loss
0.6527671575546264
time: 15.06807541847229
train loss
0.6501554071903228
test loss
0.0010935547528788448
0.0472951740026474
time: 15.087499380111694
train loss
0.6473508596420288
time: 15.066556930541992
train loss
0.6453920722007751
time: 15.085771799087524
train loss
0.6443706393241883
time: 15.063745737075806
train loss
0.6444342792034149
time: 15.071123361587524
train loss
0.6441993653774262
time: 15.07351803779602
train loss
0.6433122813701629
time: 15.0899178981781
train loss
0.6426783442497254
time: 15.053162097930908
train loss
0.6426965057849884
time: 15.065968990325928
train loss
0.6426690936088562
time: 15.067452430725098
train loss
0.6434010744094849
test loss
0.001086953468620777
0.04394763633608818
/pscratch/sd/g/gzhao27/INR/SOMA/2024-12-09SOMA-inr_w020_ld180.pt
time: 15.06694221496582
train loss
0.6434096276760102
time: 15.061375141143799
train loss
0.6422198414802551
time: 15.077035903930664
train loss
0.6433514177799224
time: 15.066070079803467
train loss
0.6441935956478119
time: 15.086851119995117
train loss
0.645329225063324
time: 15.080687761306763
train loss
0.646172434091568
time: 15.082553386688232
train loss
0.6521545708179474
time: 15.061424732208252
train loss
0.6613451659679412
time: 15.043591499328613
train loss
0.6786252498626709
time: 15.065256118774414
train loss
0.6696609139442444
test loss
0.0011278138728812337
0.054914315789937974
time: 15.093546390533447
train loss
0.6804949700832367
time: 15.065720796585083
train loss
0.6702709257602691
time: 15.062472343444824
train loss
0.6577015161514282
time: 15.08327603340149
train loss
0.6511494934558868
time: 15.087458848953247
train loss
0.6593639969825744
time: 15.082457780838013
train loss
0.6602720797061921
time: 15.066308975219727
train loss
0.653931200504303
time: 15.049383878707886
train loss
0.6499500274658203
time: 15.07917046546936
train loss
0.6475582420825958
time: 15.060025691986084
train loss
0.6455796658992767
test loss
0.0010883655864745378
0.04476477950811386
time: 15.079774618148804
train loss
0.6442489802837372
time: 15.092334508895874
train loss
0.6431783735752106
time: 15.146599054336548
train loss
0.6433237820863724
time: 15.068705558776855
train loss
0.6435404002666474
time: 15.084169626235962
train loss
0.6425056278705596
time: 15.043869256973267
train loss
0.6418491125106811
time: 15.06004786491394
train loss
0.6416910350322723
time: 15.088979244232178
train loss
0.6423987686634064
time: 15.078526735305786
train loss
0.6432035386562347
time: 15.059032917022705
train loss
0.6446708261966705
test loss
0.0010916491271927952
0.04430837035179138
time: 15.100670099258423
train loss
0.6450975775718689
time: 15.068287134170532
train loss
0.6435562372207642
time: 15.055558919906616
train loss
0.649575924873352
time: 15.08336615562439
train loss
0.6500325232744217
time: 15.064967393875122
train loss
0.65102459192276
time: 15.055054664611816
train loss
0.6559438884258271
time: 15.078480005264282
train loss
0.6486603915691376
time: 15.089889526367188
train loss
0.6453703582286835
time: 15.090711832046509
train loss
0.642441314458847
time: 15.09820032119751
train loss
0.6422949433326721
test loss
0.0010886864736676216
0.04480559676885605
time: 15.069298505783081
train loss
0.6433799624443054
time: 15.068832874298096
train loss
0.6419291734695435
time: 15.080057859420776
train loss
0.6418755352497101
time: 15.111152648925781
train loss
0.6427008807659149
time: 15.07410979270935
train loss
0.6438535213470459
time: 15.058246612548828
train loss
0.6481962203979492
time: 15.057172775268555
train loss
0.6443534731864929
time: 15.063139915466309
train loss
0.6448062002658844
time: 15.065396070480347
train loss
0.644794762134552
time: 15.065491199493408
train loss
0.6444223940372467
test loss
0.0010890306904911995
0.04394965618848801
time: 15.086793661117554
train loss
0.6467443346977234
time: 15.065076112747192
train loss
0.6470220506191253
time: 15.068020343780518
train loss
0.6431876242160797
time: 15.051782369613647
train loss
0.6415016710758209
time: 15.054929494857788
train loss
0.6420826017856598
time: 15.062177658081055
train loss
0.6417168974876404
time: 15.067636728286743
train loss
0.6408555686473847
time: 15.076906204223633
train loss
0.6409367918968201
time: 15.068253517150879
train loss
0.6411015868186951
time: 15.04654574394226
train loss
0.6408000469207764
test loss
0.001085414702538401
0.044239995628595354
/pscratch/sd/g/gzhao27/INR/SOMA/2024-12-09SOMA-inr_w020_ld180.pt
time: 15.079678297042847
train loss
0.6396929323673248
time: 15.059267044067383
train loss
0.6400328695774078
time: 15.055169820785522
train loss
0.6408562302589417
time: 15.066756010055542
train loss
0.6422805488109589
time: 15.047815561294556
train loss
0.6426620781421661
time: 15.06436538696289
train loss
0.6426420927047729
time: 15.050538063049316
train loss
0.6421712517738343
time: 15.01499319076538
train loss
0.6413591384887696
time: 15.02457857131958
train loss
0.6409104228019714
time: 15.03305983543396
train loss
0.6412302196025849
test loss
0.0010835467837750912
0.0439027413725853
/pscratch/sd/g/gzhao27/INR/SOMA/2024-12-09SOMA-inr_w020_ld180.pt
time: 15.098787069320679
train loss
0.6429631352424622
time: 15.078145265579224
train loss
0.6451543092727661
time: 15.053957223892212
train loss
0.6532369136810303
time: 15.044676065444946
train loss
0.6507300734519958
time: 15.031929731369019
train loss
0.6570720911026001
time: 15.045486688613892
train loss
0.6560566067695618
time: 15.039042472839355
train loss
0.6556191742420197
time: 15.036658525466919
train loss
0.6571062624454498
time: 15.046030044555664
train loss
0.6551989495754242
time: 15.048256874084473
train loss
0.64974804520607
test loss
0.001095129013992846
0.04522949531674385
time: 15.067321062088013
train loss
0.6462249100208283
time: 15.059268951416016
train loss
0.6429489910602569
time: 15.003280401229858
train loss
0.6437881052494049
time: 14.984488248825073
train loss
0.6451932668685914
time: 15.005070209503174
train loss
0.6578216671943664
time: 15.025029420852661
train loss
0.6597066521644592
time: 15.015942811965942
train loss
0.6638253509998322
time: 15.025692224502563
train loss
0.6561419844627381
time: 14.996148824691772
train loss
0.6490689873695373
time: 15.010283708572388
train loss
0.6461954832077026
test loss
0.0010921495268121362
0.04491538554430008
time: 15.046007871627808
train loss
0.643409150838852
time: 15.027308225631714
train loss
0.6415063917636872
time: 14.98940396308899
train loss
0.6405072927474975
time: 15.04540729522705
train loss
0.6406513810157776
time: 15.016324043273926
train loss
0.6398803114891052
time: 14.999255657196045
train loss
0.6399980187416077
time: 15.028531789779663
train loss
0.6399008214473725
time: 15.01208209991455
train loss
0.6392685234546661
time: 15.028290510177612
train loss
0.6394238591194152
time: 15.025380849838257
train loss
0.6408064007759094
test loss
0.001088672410696745
0.04464215710759163
time: 15.02444052696228
train loss
0.6430884957313537
time: 15.033734321594238
train loss
0.6449025571346283
time: 15.055350542068481
train loss
0.6491741418838501
time: 15.013209342956543
train loss
0.6535991072654724
time: 15.02526569366455
train loss
0.6501871287822724
time: 15.01202392578125
train loss
0.6483288884162903
time: 15.064917802810669
train loss
0.6452867567539216
time: 15.023921966552734
train loss
0.6422730326652527
time: 15.034555673599243
train loss
0.6406786859035491
time: 15.032009363174438
train loss
0.6399826526641845
test loss
0.0010877608554437756
0.04571807011961937
time: 15.026930570602417
train loss
0.6423243552446365
time: 15.051780939102173
train loss
0.6436665892601013
time: 15.031574726104736
train loss
0.6431497931480408
time: 15.013763189315796
train loss
0.6409980535507203
time: 15.049118995666504
train loss
0.6391742765903473
time: 15.048409938812256
train loss
0.6391130030155182
time: 15.021476745605469
train loss
0.6394903719425201
time: 15.102826833724976
train loss
0.6399031162261963
time: 15.020199060440063
train loss
0.6397128760814667
time: 14.988195657730103
train loss
0.6392820715904236
test loss
0.0010860125534236432
0.04376035109162331
time: 15.005327701568604
train loss
0.6386440873146058
time: 14.99259352684021
train loss
0.6395517528057099
time: 14.99347996711731
train loss
0.6387219786643982
time: 14.984944105148315
train loss
0.6382961213588715
time: 14.992626905441284
train loss
0.6388359904289246
time: 15.038519859313965
train loss
0.6403352737426757
time: 15.137453079223633
train loss
0.6402216196060181
time: 15.176190376281738
train loss
0.6463111817836762
time: 15.11150860786438
train loss
0.648695558309555
time: 15.164551734924316
train loss
0.6471165359020233
test loss
0.0010938598541542887
0.04608058333396912
time: 15.134471893310547
train loss
0.6465832948684692
time: 15.109824895858765
train loss
0.6570873856544495
time: 15.135356187820435
train loss
0.6536633372306824
time: 15.114195346832275
train loss
0.656306529045105
time: 15.088188648223877
train loss
0.667492812871933
time: 15.00338339805603
train loss
0.6685471832752228
time: 15.029746294021606
train loss
0.6638800919055938
time: 15.005156993865967
train loss
0.6530557036399841
time: 15.046624422073364
train loss
0.667322188615799
time: 15.011029481887817
train loss
0.6633771359920502
test loss
0.0011064694728702307
0.044992956519126895
time: 15.046151876449585
train loss
0.6587320446968079
time: 15.018784761428833
train loss
0.66852508187294
time: 15.022356748580933
train loss
0.6612263739109039
time: 15.019779682159424
train loss
0.6505944967269898
time: 15.038107633590698
train loss
0.6463847577571868
time: 15.008623123168945
train loss
0.6453381478786469
time: 15.010764360427856
train loss
0.6439438462257385
time: 15.022247314453125
train loss
0.6418099343776703
time: 15.002302408218384
train loss
0.6403773844242096
time: 14.999120235443115
train loss
0.6398811519145966
test loss
0.001085714204236865
0.04329802319407463
time: 15.047885179519653
train loss
0.6398110449314117
time: 15.022264957427979
train loss
0.6398684680461884
time: 15.002270698547363
train loss
0.6398806214332581
time: 15.036982774734497
train loss
0.639687043428421
time: 15.049457788467407
train loss
0.63942449092865
time: 15.019920110702515
train loss
0.6397932291030883
time: 15.038304090499878
train loss
0.6402946889400483
time: 15.00099802017212
train loss
0.6394703090190887
time: 14.991310119628906
train loss
0.6404503285884857
time: 14.998022556304932
train loss
0.6404690086841583
test loss
0.0010873423190787435
0.044598252326250074
time: 15.0016348361969
train loss
0.6405414938926697
time: 14.982858419418335
train loss
0.6424150764942169
time: 14.970324754714966
train loss
0.6423811614513397
time: 14.983535766601562
train loss
0.6452903807163238
time: 14.95316457748413
train loss
0.6448053419589996
time: 15.043747663497925
train loss
0.6439899861812591
time: 14.998016595840454
train loss
0.644761598110199
time: 14.987565994262695
train loss
0.6424846231937409
time: 14.963871240615845
train loss
0.6400551617145538
time: 14.985353946685791
train loss
0.6396306037902832
test loss
0.0010865246877074242
0.04466420859098434
time: 15.003462314605713
train loss
0.6390375614166259
time: 14.975996255874634
train loss
0.6391373097896575
time: 14.98850417137146
train loss
0.6393649697303772
time: 15.005718469619751
train loss
0.6386987626552582
time: 14.9948148727417
train loss
0.6377481937408447
time: 14.983757257461548
train loss
0.6370576918125153
time: 14.994872331619263
train loss
0.6370725452899932
time: 17.615258932113647
train loss
0.6376137912273407
time: 16.561219453811646
train loss
0.6372870683670044
time: 15.155301570892334
train loss
0.6381294012069703
test loss
0.001086372137069702
0.044904569536447524
time: 15.123190879821777
train loss
0.6391853094100952
time: 14.996304273605347
train loss
0.6388156235218048
time: 14.982462406158447
train loss
0.6382674694061279
time: 15.036454439163208
train loss
0.6377402186393738
time: 15.038870573043823
train loss
0.6390553534030914
time: 15.079859733581543
train loss
0.6423285245895386
time: 15.065164804458618
train loss
0.6492400348186493
time: 15.083946704864502
train loss
0.6620447397232055
time: 15.084830045700073
train loss
0.6579386234283447
time: 15.089367151260376
train loss
0.6547135651111603
test loss
0.00110046569025144
0.048851533234119414
time: 15.87762713432312
train loss
0.6846640467643738
time: 15.077332735061646
train loss
0.7719864249229431
time: 15.124903917312622
train loss
0.8847867727279664
time: 15.051751613616943
train loss
0.8058039009571075
time: 15.062608242034912
train loss
0.7488973140716553
time: 15.06481385231018
train loss
0.7182638227939606
time: 15.072004318237305
train loss
0.7006998836994172
time: 15.057788848876953
train loss
0.691820216178894
time: 15.058397054672241
train loss
0.6836029410362243
time: 15.073833703994751
train loss
0.6784886419773102
test loss
0.0011179875582456589
0.04758194088935852
time: 15.065515041351318
train loss
0.6729387938976288
time: 15.074480056762695
train loss
0.6689385652542115
time: 15.059614658355713
train loss
0.665834903717041
time: 15.039187669754028
train loss
0.6633977055549621
time: 15.051536321640015
train loss
0.6624945551156998
time: 15.070538997650146
train loss
0.6596639394760132
time: 15.055525779724121
train loss
0.6571165740489959
time: 15.083428144454956
train loss
0.6562942028045654
time: 15.066092014312744
train loss
0.6561124444007873
time: 15.087077617645264
train loss
0.655276483297348
test loss
0.0010985828936100005
0.047299694269895554
time: 15.174310445785522
train loss
0.6540725111961365
time: 15.07149600982666
train loss
0.654332435131073
time: 15.073106050491333
train loss
0.6524653255939483
time: 15.057910680770874
train loss
0.6513451635837555
time: 15.069310426712036
train loss
0.6504556357860565
time: 15.07143783569336
train loss
0.6486173570156097
time: 15.076830387115479
train loss
0.6474344968795777
time: 15.117334842681885
train loss
0.6469341456890106
time: 15.076037406921387
train loss
0.6468835353851319
time: 15.076520442962646
train loss
0.6464628398418426
test loss
0.00109224624466151
0.046084088087081906
time: 15.10441541671753
train loss
0.6459764003753662
time: 15.065449714660645
train loss
0.6467278301715851
time: 15.08548378944397
train loss
0.6496824860572815
time: 15.081907510757446
train loss
0.6516947448253632
time: 15.105983972549438
train loss
0.6514816761016846
time: 15.079685926437378
train loss
0.6524715840816497
time: 15.068445682525635
train loss
0.6493248164653778
time: 15.106735229492188
train loss
0.6467995405197143
time: 15.087222814559937
train loss
0.6470012426376343
time: 15.075287580490112
train loss
0.6447515308856964
test loss
0.0010885662166401743
0.04490218013525009
time: 15.079271078109741
train loss
0.64428790807724
time: 15.084386825561523
train loss
0.643582546710968
time: 15.106242179870605
train loss
0.6444529294967651
time: 15.068739652633667
train loss
0.6441957622766494
time: 15.077755689620972
train loss
0.643689239025116
time: 15.068150043487549
train loss
0.6429792404174804
time: 15.067701578140259
train loss
0.6436878085136414
time: 15.102226734161377
train loss
0.6448124349117279
time: 15.090590476989746
train loss
0.6511095762252808
time: 15.091897010803223
train loss
0.654682320356369
test loss
0.00111192554468289
0.047372182458639146
time: 15.085343360900879
train loss
0.6573806047439575
time: 15.087056636810303
train loss
0.6544633746147156
time: 15.110175371170044
train loss
0.6546211481094361
time: 15.074495792388916
train loss
0.6581067383289337
time: 15.097261667251587
train loss
0.6544111609458924
time: 15.091207265853882
train loss
0.6586073935031891
time: 15.100061893463135
train loss
0.6506287634372712
time: 15.078979969024658
train loss
0.6476771771907807
time: 15.077316761016846
train loss
0.6457086503505707
time: 15.072993278503418
train loss
0.6442455172538757
test loss
0.0010866024298593403
0.044217878580093385
time: 15.112160205841064
train loss
0.6424307882785797
time: 15.060874700546265
train loss
0.64109668135643
time: 15.071274518966675
train loss
0.6402767419815063
time: 15.07890510559082
train loss
0.6401360213756562
time: 15.169738531112671
train loss
0.639384251832962
time: 15.17731761932373
train loss
0.6397943675518036
time: 15.00451111793518
train loss
0.6410896986722946
time: 14.994011640548706
train loss
0.6407069563865662
time: 14.980576276779175
train loss
0.6400944471359253
time: 14.977221727371216
train loss
0.6398462593555451
test loss
0.001086191856302321
0.0445687398314476
time: 15.004076719284058
train loss
0.6419294118881226
time: 15.02653169631958
train loss
0.6446973204612731
time: 14.995270013809204
train loss
0.643714439868927
time: 15.040330648422241
train loss
0.6472491085529327
time: 14.998821496963501
train loss
0.648086565732956
time: 15.04186201095581
train loss
0.6439538776874543
time: 15.023406028747559
train loss
0.6429044783115387
time: 15.038686037063599
train loss
0.6416191756725311
time: 15.073258638381958
train loss
0.6417391717433929
time: 15.00996708869934
train loss
0.641596931219101
test loss
0.0010868085781112313
0.04522491469979286
time: 15.055380582809448
train loss
0.6404238879680634
time: 15.051177501678467
train loss
0.6401974081993103
time: 15.016023874282837
train loss
0.6416511535644531
time: 15.063388109207153
train loss
0.640856122970581
time: 15.062730073928833
train loss
0.639526504278183
time: 15.049101829528809
train loss
0.6389792561531067
time: 15.054944276809692
train loss
0.6402099072933197
time: 15.045031547546387
train loss
0.6400217711925507
time: 15.028542280197144
train loss
0.6389832615852356
time: 15.073315143585205
train loss
0.6389690935611725
test loss
0.0010856526670977474
0.04441149234771728
time: 15.07032036781311
train loss
0.6421963632106781
time: 15.056901931762695
train loss
0.6436245858669281
time: 15.051116943359375
train loss
0.6444864809513092
time: 15.028119325637817
train loss
0.6412616014480591
time: 15.033994674682617
train loss
0.6385815024375916
time: 15.03501844406128
train loss
0.6383599460124969
time: 15.040177583694458
train loss
0.637343454360962
time: 15.032862424850464
train loss
0.6368155062198639
time: 15.052939891815186
train loss
0.636505925655365
time: 15.055883646011353
train loss
0.6378627479076385
test loss
0.0010837780544534325
0.04541386291384697
time: 15.025694131851196
train loss
0.6378561019897461
time: 15.031391143798828
train loss
0.6391710877418518
time: 15.055514097213745
train loss
0.6392471253871918
time: 15.025701999664307
train loss
0.6416207015514374
time: 15.024948120117188
train loss
0.6480336010456085
time: 15.030713558197021
train loss
0.6459675014019013
time: 15.037837266921997
train loss
0.6651792824268341
time: 15.059303522109985
train loss
0.6669978380203248
time: 15.021860122680664
train loss
0.6628426313400269
time: 15.018504619598389
train loss
0.6635424256324768
test loss
0.0011121497140266002
0.04794307425618172
time: 15.05681324005127
train loss
0.6569851577281952
time: 15.046727418899536
train loss
0.6471895575523376
time: 15.05014419555664
train loss
0.6435756832361221
time: 15.03033447265625
train loss
0.6424294412136078
time: 15.017568826675415
train loss
0.6415975391864777
time: 15.076018810272217
train loss
0.6401894807815551
time: 15.042196989059448
train loss
0.6396447896957398
time: 15.006506204605103
train loss
0.6380036771297455
time: 15.016399145126343
train loss
0.6371536672115325
time: 15.028590679168701
train loss
0.6367923736572265
test loss
0.0010817620903253555
0.04458973780274391
/pscratch/sd/g/gzhao27/INR/SOMA/2024-12-09SOMA-inr_w020_ld180.pt
time: 15.068723678588867
train loss
0.6379399061203003
time: 15.054828643798828
train loss
0.6389211416244507
time: 15.032511234283447
train loss
0.641806173324585
time: 15.01580810546875
train loss
0.6449727863073349
time: 15.053717613220215
train loss
0.6467367947101593
time: 14.985258102416992
train loss
0.6457138538360596
time: 14.96687650680542
train loss
0.645809143781662
time: 14.995851039886475
train loss
0.6450331747531891
time: 14.973231792449951
train loss
0.6409742712974549
time: 14.993871212005615
train loss
0.63920778632164
test loss
0.0010845890501514077
0.0447513647377491
time: 14.99115777015686
train loss
0.637749433517456
time: 14.964064598083496
train loss
0.639809113740921
time: 15.020564079284668
train loss
0.641253936290741
time: 15.034634590148926
train loss
0.6397390365600586
time: 15.044658899307251
train loss
0.6376149773597717
time: 15.025918960571289
train loss
0.6367880642414093
time: 15.053138017654419
train loss
0.63608518242836
time: 15.005927562713623
train loss
0.6357913017272949
time: 15.002451658248901
train loss
0.6367497861385345
time: 15.023223400115967
train loss
0.6387775778770447
test loss
0.0010868440149351954
0.045622283965349196
time: 15.939419746398926
train loss
0.641786414384842
time: 15.008454322814941
train loss
0.6422521829605102
time: 15.052030086517334
train loss
0.6451849460601806
time: 14.979721546173096
train loss
0.6490660190582276
time: 15.016207456588745
train loss
0.6571995377540588
time: 15.019676446914673
train loss
0.662938803434372
time: 14.946771383285522
train loss
0.6519645392894745
time: 14.977167844772339
train loss
0.6455750703811646
time: 15.01696491241455
train loss
0.6431498765945435
time: 15.004760980606079
train loss
0.6434303879737854
test loss
0.0010888364515267313
0.045384636521339415
time: 15.021096467971802
train loss
0.6415831089019776
time: 15.027134895324707
train loss
0.6403100609779357
time: 15.026511192321777
train loss
0.6379939675331116
time: 15.049434661865234
train loss
0.636472862958908
time: 15.05388355255127
train loss
0.6358741641044616
time: 15.044734716415405
train loss
0.6358144998550415
time: 15.047039270401001
train loss
0.636708390712738
time: 15.036454916000366
train loss
0.6360465884208679
time: 15.028910398483276
train loss
0.6350299417972565
time: 15.01282811164856
train loss
0.6359826624393463
test loss
0.0010784212965518237
0.04395185559988022
/pscratch/sd/g/gzhao27/INR/SOMA/2024-12-09SOMA-inr_w020_ld180.pt
time: 15.096720695495605
train loss
0.6358810603618622
time: 15.0323965549469
train loss
0.6355071842670441
time: 15.034351825714111
train loss
0.6342453598976135
time: 15.037038326263428
train loss
0.6337828814983368
time: 15.044534683227539
train loss
0.6337506711483002
time: 15.009140253067017
train loss
0.635342139005661
time: 15.02754831314087
train loss
0.6360008895397187
time: 15.107225179672241
train loss
0.6372877657413483
time: 15.051656007766724
train loss
0.6383502781391144
time: 15.000239133834839
train loss
0.639332976937294
test loss
0.001082892157137394
0.04523011744022369
time: 15.02444052696228
train loss
0.640636271238327
time: 15.009008646011353
train loss
0.6397114932537079
time: 15.02616262435913
train loss
0.6397192358970643
time: 15.010396480560303
train loss
0.6425881266593934
time: 15.065579891204834
train loss
0.6409672260284424
time: 15.039709091186523
train loss
0.641094309091568
time: 15.034762144088745
train loss
0.646159440279007
time: 15.014844179153442
train loss
0.64867884516716
time: 15.045743703842163
train loss
0.6456965804100037
time: 15.009089946746826
train loss
0.6415590941905975
test loss
0.001084168953821063
0.04355199858546257
time: 15.0314621925354
train loss
0.6382744610309601
time: 15.060046672821045
train loss
0.6440317571163178
time: 15.08730173110962
train loss
0.6400440990924835
time: 15.042618751525879
train loss
0.6379311800003051
time: 15.039750099182129
train loss
0.6416372895240784
time: 15.013159036636353
train loss
0.6460298418998718
time: 15.036575078964233
train loss
0.6424130737781525
time: 15.056151151657104
train loss
0.6408108532428741
time: 15.038096189498901
train loss
0.6426992654800415
time: 15.027564287185669
train loss
0.6397327899932861
test loss
0.001080400636419654
0.044770330935716626
time: 15.038033962249756
train loss
0.6362604379653931
time: 15.012653350830078
train loss
0.6357049226760865
time: 15.01728630065918
train loss
0.6357990562915802
time: 15.016972303390503
train loss
0.6342997491359711
time: 15.017446994781494
train loss
0.6345684647560119
time: 15.023776292800903
train loss
0.6336136043071747
time: 15.01091194152832
train loss
0.6337664544582366
time: 15.025976419448853
train loss
0.6333837866783142
time: 15.026739358901978
train loss
0.6323093056678772
time: 15.03031039237976
train loss
0.6321781992912292
test loss
0.0010756297619082035
0.043413273990154266
/pscratch/sd/g/gzhao27/INR/SOMA/2024-12-09SOMA-inr_w020_ld180.pt
time: 15.02391529083252
train loss
0.6323564708232879
time: 15.01619553565979
train loss
0.6331716358661652
time: 15.030633687973022
train loss
0.6322865903377533
time: 15.026209592819214
train loss
0.6332969665527344
time: 14.999222040176392
train loss
0.6358527541160583
time: 14.995698690414429
train loss
0.6352962493896485
time: 15.029689311981201
train loss
0.6410537600517273
time: 15.019758224487305
train loss
0.646075451374054
time: 15.013987302780151
train loss
0.6511103093624115
time: 15.020188331604004
train loss
0.6579787313938141
test loss
0.0011073044966906308
0.046738201379776
time: 15.042629480361938
train loss
0.6564487159252167
time: 15.036408185958862
train loss
0.6564089953899384
time: 15.026071310043335
train loss
0.6630511820316315
time: 15.011037588119507
train loss
0.6571439445018769
time: 15.038460493087769
train loss
0.652836263179779
time: 15.01042127609253
train loss
0.648684310913086
time: 15.015702724456787
train loss
0.6411828219890594
time: 15.001532316207886
train loss
0.6375936985015869
time: 15.029867172241211
train loss
0.6354187190532684
time: 15.036987543106079
train loss
0.6347236692905426
test loss
0.0010772706707939505
0.04356466829776764
time: 15.04958200454712
train loss
0.6334843337535858
time: 15.103107213973999
train loss
0.6328267514705658
time: 15.018009901046753
train loss
0.6329169392585754
time: 15.044733762741089
train loss
0.6325589895248414
time: 15.045286417007446
train loss
0.6319616794586181
time: 15.02804160118103
train loss
0.6327180862426758
time: 15.04405927658081
train loss
0.6328282356262207
time: 15.03529405593872
train loss
0.6323055148124694
time: 15.048882007598877
train loss
0.6333130061626434
time: 15.032025337219238
train loss
0.6355442404747009
test loss
0.0010815723799169064
0.04557145237922668
time: 15.03701663017273
train loss
0.6356390655040741
time: 15.024035692214966
train loss
0.6356473743915558
time: 15.03016471862793
train loss
0.6352900862693787
time: 15.04240894317627
train loss
0.6328275799751282
time: 15.026005983352661
train loss
0.6323857188224793
time: 15.034993171691895
train loss
0.6325217008590698
time: 15.014066219329834
train loss
0.6323489487171173
time: 14.993813276290894
train loss
0.6331491053104401
time: 14.971769571304321
train loss
0.6382419645786286
time: 14.981306314468384
train loss
0.6383535027503967
test loss
0.0010842696414329112
0.04714191183447838
time: 14.976595401763916
train loss
0.6374905705451965
time: 14.986926794052124
train loss
0.6367740511894227
time: 15.015958309173584
train loss
0.6378331184387207
time: 15.916597366333008
train loss
0.6368745923042297
time: 16.61156463623047
train loss
0.6343590021133423
time: 16.616732835769653
train loss
0.6333036422729492
time: 15.091099739074707
train loss
0.6320834159851074
time: 15.102128028869629
train loss
0.6311660796403885
time: 15.01040267944336
train loss
0.6316683232784271
time: 14.990002155303955
train loss
0.6321277320384979
test loss
0.0010770503664389252
0.04348461553454399
time: 14.97582221031189
train loss
0.6318426668643952
time: 14.978315591812134
train loss
0.6324885547161102
time: 15.015813112258911
train loss
0.6330710083246232
time: 15.00389313697815
train loss
0.6332668483257293
time: 15.008796691894531
train loss
0.632357394695282
time: 14.992334365844727
train loss
0.6332456231117248
time: 15.826127529144287
train loss
0.634921383857727
time: 15.067031860351562
train loss
0.6350962221622467
time: 15.120519876480103
train loss
0.6409213781356812
time: 15.074782371520996
train loss
0.6419990301132202
test loss
0.001092541660182178
0.045781923830509184
time: 15.072117805480957
train loss
0.6410548090934753
time: 15.064807891845703
train loss
0.6388657689094543
time: 15.104383707046509
train loss
0.6473544597625732
time: 15.082898378372192
train loss
0.6576674044132232
time: 15.082258462905884
train loss
0.6580007314682007
time: 15.078184604644775
train loss
0.6845703423023224
time: 15.092351913452148
train loss
0.7302500963211059
time: 15.069056987762451
train loss
0.7237093031406403
time: 15.077547311782837
train loss
0.6914747059345245
time: 15.164339065551758
train loss
0.6819822311401367
test loss
0.0011317125870846211
0.04646143540740013
time: 15.093868494033813
train loss
0.6724155664443969
time: 15.071754217147827
train loss
0.6622830748558044
time: 15.072429895401001
train loss
0.656663179397583
time: 15.066898107528687
train loss
0.6486205697059632
time: 15.08869194984436
train loss
0.6426594197750092
time: 15.07309865951538
train loss
0.6394827127456665
time: 15.085177421569824
train loss
0.638773113489151
time: 15.091060400009155
train loss
0.6391206800937652
time: 15.094136238098145
train loss
0.6373486399650574
time: 15.081210613250732
train loss
0.6350856840610504
test loss
0.0010780515847727656
0.04469069391489029
time: 15.137783765792847
train loss
0.6337454378604889
time: 15.076770782470703
train loss
0.6352827370166778
time: 15.096654415130615
train loss
0.6359273970127106
time: 15.097814559936523
train loss
0.6365945875644684
time: 15.10360598564148
train loss
0.6369446039199829
time: 15.068883657455444
train loss
0.6390507876873016
time: 15.09775710105896
train loss
0.6404557913541794
time: 15.07218599319458
train loss
0.6395007610321045
time: 15.09039831161499
train loss
0.636117821931839
time: 15.110799551010132
train loss
0.6342802107334137
test loss
0.0010762164834886788
0.0445760153234005
time: 15.1206214427948
train loss
0.6329263925552369
time: 15.092812061309814
train loss
0.6324534058570862
time: 15.108246326446533
train loss
0.6315782964229584
time: 15.102686166763306
train loss
0.6313283085823059
time: 15.09239649772644
train loss
0.6314471900463104
time: 15.083767652511597
train loss
0.6319133818149567
time: 15.089316129684448
train loss
0.6327446162700653
time: 15.049895524978638
train loss
0.6321829319000244
time: 15.034840822219849
train loss
0.6325341939926148
time: 15.012628316879272
train loss
0.6317721009254456
test loss
0.0010777407791465522
0.04390090927481651
time: 15.038027286529541
train loss
0.6318694174289703
time: 15.041324615478516
train loss
0.6312792599201202
time: 15.02882719039917
train loss
0.6311424016952515
time: 15.032576084136963
train loss
0.6320407330989838
time: 15.031850576400757
train loss
0.6366773247718811
time: 15.082486391067505
train loss
0.6353388428688049
time: 15.044302940368652
train loss
0.6336044192314148
time: 15.021468162536621
train loss
0.632586270570755
time: 15.033291578292847
train loss
0.6315794587135315
time: 15.029448986053467
train loss
0.6316293776035309
test loss
0.001077785505913198
0.04425915852189064
time: 15.015920639038086
train loss
0.6324956238269805
time: 15.044087648391724
train loss
0.6323119223117828
time: 15.019709587097168
train loss
0.6337107121944427
time: 15.077323913574219
train loss
0.6360986053943634
time: 15.058881521224976
train loss
0.634889543056488
time: 14.977398872375488
train loss
0.6432441711425781
time: 14.986294746398926
train loss
0.6561195552349091
time: 15.109236717224121
train loss
0.6553446054458618
time: 15.112091541290283
train loss
0.6651119112968444
time: 15.130263090133667
train loss
0.6856454074382782
test loss
0.0011543595697730779
0.05606424883008003
time: 15.11519479751587
train loss
0.6877820730209351
time: 15.104115009307861
train loss
0.6890540897846222
time: 15.11976146697998
train loss
0.6724565327167511
time: 15.1462242603302
train loss
0.6649451434612275
time: 15.120134353637695
train loss
0.6543671190738678
time: 15.138139009475708
train loss
0.6449878990650177
time: 15.13263463973999
train loss
0.6393460988998413
time: 15.135162353515625
train loss
0.6366414725780487
time: 15.106724262237549
train loss
0.6351431012153625
time: 15.12875747680664
train loss
0.633574378490448
test loss
0.0010779628530144692
0.043139851093292235
time: 15.108283281326294
train loss
0.6334546804428101
time: 15.13600206375122
train loss
0.6334440171718597
time: 15.1207435131073
train loss
0.6329705238342285
time: 15.104873657226562
train loss
0.6325756430625915
time: 15.181527614593506
train loss
0.6320394814014435
time: 15.157759428024292
train loss
0.6319473326206207
time: 15.122673988342285
train loss
0.6314585894346237
time: 15.125912189483643
train loss
0.631216287612915
time: 15.130731582641602
train loss
0.6323877692222595
time: 15.146344423294067
train loss
0.6343315005302429
test loss
0.00108133174944669
0.04588556885719299
time: 15.068364381790161
train loss
0.634699034690857
time: 15.02454137802124
train loss
0.6344406068325043
time: 15.030372142791748
train loss
0.6359835922718048
time: 15.043607950210571
train loss
0.6345381736755371
time: 15.048985958099365
train loss
0.6327723979949951
time: 15.021695852279663
train loss
0.6312437117099762
time: 15.03521990776062
train loss
0.6306794166564942
time: 15.032030820846558
train loss
0.6302532255649567
time: 15.05573058128357
train loss
0.6301284074783325
time: 15.03329348564148
train loss
0.6301383972167969
test loss
0.0010772425681352614
0.0443405345082283
time: 15.02773904800415
train loss
0.6312007427215576
time: 15.017668962478638
train loss
0.6314272701740264
time: 15.047132015228271
train loss
0.6311402082443237
time: 15.040736675262451
train loss
0.6317306756973267
time: 15.027116060256958
train loss
0.6316012233495713
time: 15.059875726699829
train loss
0.6308172166347503
time: 15.036563158035278
train loss
0.6311730325222016
time: 15.05175256729126
train loss
0.6317192494869233
time: 15.044211387634277
train loss
0.6310040414333343
time: 15.02980375289917
train loss
0.630165159702301
test loss
0.001074391684960574
0.04397502094507218
/pscratch/sd/g/gzhao27/INR/SOMA/2024-12-09SOMA-inr_w020_ld180.pt
time: 15.11477279663086
train loss
0.6301588118076324
time: 15.015264987945557
train loss
0.6312471508979798
time: 15.02894115447998
train loss
0.6305914163589478
time: 15.065235376358032
train loss
0.6314286202192306
time: 15.047199726104736
train loss
0.6312067091464997
time: 15.055253267288208
train loss
0.6299980819225312
time: 15.03131890296936
train loss
0.6297112882137299
time: 15.016267776489258
train loss
0.6292532861232758
time: 15.050780534744263
train loss
0.6303368389606476
time: 15.038604736328125
train loss
0.6315647304058075
test loss
0.0010767235653474927
0.04346232190728187
time: 15.062572717666626
train loss
0.6316604793071747
time: 15.023305177688599
train loss
0.6326508224010468
time: 15.000148296356201
train loss
0.634166145324707
time: 15.032515048980713
train loss
0.6329508662223816
time: 15.049720048904419
train loss
0.6314652562141418
time: 15.186149835586548
train loss
0.6311994314193725
time: 15.020602226257324
train loss
0.6323598682880401
time: 15.032297611236572
train loss
0.6392764627933503
time: 15.024664163589478
train loss
0.6377472162246705
time: 15.03496789932251
train loss
0.642216682434082
test loss
0.0010919079650193453
0.04937926083803177
time: 15.027984380722046
train loss
0.6416104555130004
time: 15.061291217803955
train loss
0.6399067938327789
time: 15.054873704910278
train loss
0.6361402869224548
time: 15.039506673812866
train loss
0.6388164579868316
time: 15.038997173309326
train loss
0.6536554634571076
time: 15.031949520111084
train loss
0.6586434483528137
time: 15.032541513442993
train loss
0.6524278461933136
time: 15.00614881515503
train loss
0.6600556910037995
time: 15.053149938583374
train loss
0.6687218129634858
time: 15.015528917312622
train loss
0.6852171838283538
test loss
0.001164394780062139
0.05487665385007858
time: 15.056675434112549
train loss
0.6978060245513916
time: 15.018658876419067
train loss
0.6950228035449981
time: 15.057802438735962
train loss
0.7122360646724701
time: 15.019197225570679
train loss
0.6735820353031159
time: 15.068246364593506
train loss
0.6562474310398102
time: 15.063316106796265
train loss
0.6481470406055451
time: 15.04841661453247
train loss
0.6444336295127868
time: 15.079689741134644
train loss
0.6406553268432618
time: 15.027941226959229
train loss
0.6373719394207
time: 15.040623903274536
train loss
0.636057835817337
test loss
0.0010808049933984875
0.044680388271808626
time: 15.053246259689331
train loss
0.6355743288993836
time: 15.037939548492432
train loss
0.6340650618076324
time: 15.050058126449585
train loss
0.6334484279155731
time: 15.050560712814331
train loss
0.6329105198383331
time: 15.084342241287231
train loss
0.6328005611896514
time: 15.123197555541992
train loss
0.6327091693878174
time: 15.033509492874146
train loss
0.6340739727020264
time: 15.041701316833496
train loss
0.6328867375850677
time: 15.038693189620972
train loss
0.6326125502586365
time: 15.032473802566528
train loss
0.6319734215736389
test loss
0.0010742480400949717
0.044179918617010115
/pscratch/sd/g/gzhao27/INR/SOMA/2024-12-09SOMA-inr_w020_ld180.pt
time: 15.132994174957275
train loss
0.632551771402359
time: 15.032742977142334
train loss
0.6332357823848724
time: 15.027233600616455
train loss
0.6338949382305146
time: 15.065035820007324
train loss
0.6342787086963654
time: 16.59352159500122
train loss
0.6382202863693237
time: 15.005573987960815
train loss
0.6404426574707032
time: 15.106401443481445
train loss
0.6412343919277191
time: 14.976136684417725
train loss
0.6417045176029206
time: 15.014720678329468
train loss
0.642435398697853
time: 15.00265884399414
train loss
0.6419370949268342
test loss
0.0010896146763116122
0.04501628428697586
time: 15.01149868965149
train loss
0.6367410540580749
time: 15.004453897476196
train loss
0.633627074956894
time: 14.982559442520142
train loss
0.6369617819786072
time: 15.010491132736206
train loss
0.6428637385368348
time: 15.008337497711182
train loss
0.6516833901405334
time: 15.009116888046265
train loss
0.6446091175079346
time: 15.017244338989258
train loss
0.6414378702640533
time: 15.04093337059021
train loss
0.64736487865448
time: 15.017977237701416
train loss
0.640304434299469
time: 14.991219758987427
train loss
0.6370959401130676
test loss
0.0010830167680978774
0.046881426870822904
time: 15.014756441116333
train loss
0.6354077696800232
time: 15.030264139175415
train loss
0.6332760334014893
time: 15.024013996124268
train loss
0.632285612821579
time: 15.002242803573608
train loss
0.6311034679412841
time: 15.008665084838867
train loss
0.6309675097465515
time: 15.003165245056152
train loss
0.6306507647037506
time: 15.032752513885498
train loss
0.6304144591093064
time: 14.996220111846924
train loss
0.6303786993026733
time: 14.97065281867981
train loss
0.6309626281261445
time: 14.993561267852783
train loss
0.6310325682163238
test loss
0.0010799784678965807
0.04711311608552933
time: 15.016940832138062
train loss
0.6310316562652588
time: 14.98165249824524
train loss
0.6309379160404205
time: 14.998827695846558
train loss
0.6312620162963867
time: 14.995707750320435
train loss
0.6311624765396118
time: 14.988663911819458
train loss
0.6306518375873565
time: 14.995360136032104
train loss
0.6312370270490646
time: 14.996960639953613
train loss
0.6315717160701751
time: 14.989101648330688
train loss
0.6311357021331787
time: 14.968485832214355
train loss
0.6306210815906524
time: 15.018225193023682
train loss
0.6332953631877899
test loss
0.0010783630888909102
0.045312903076410296
time: 15.001935958862305
train loss
0.6324429214000702
time: 15.060861110687256
train loss
0.6330679714679718
time: 14.994214057922363
train loss
0.6335980117321014
time: 14.985538005828857
train loss
0.6335684299468994
time: 14.985947370529175
train loss
0.636019891500473
time: 15.000337362289429
train loss
0.637258768081665
time: 14.976247310638428
train loss
0.6352551460266114
time: 14.993695497512817
train loss
0.6330051302909852
time: 14.989007949829102
train loss
0.63092400431633
time: 15.021802186965942
train loss
0.6313913226127624
test loss
0.0010777201037853955
0.04417214319109917
time: 15.012458324432373
train loss
0.6315172612667084
time: 15.004903793334961
train loss
0.6302771806716919
time: 15.003274917602539
train loss
0.6297046959400177
time: 15.014848232269287
train loss
0.6301136910915375
time: 14.981423616409302
train loss
0.6306649625301362
time: 15.010870218276978
train loss
0.6303147375583649
time: 14.994263648986816
train loss
0.6325530350208283
time: 14.995821237564087
train loss
0.6329043686389924
time: 14.967880010604858
train loss
0.6341768622398376
time: 14.986010074615479
train loss
0.6470229268074036
test loss
0.001100550638511777
0.048258337378501895
time: 15.00051760673523
train loss
0.6543431103229522
time: 14.990015983581543
train loss
0.664610230922699
time: 14.994670391082764
train loss
0.6547562420368195
time: 14.97355842590332
train loss
0.6450364649295807
time: 15.000990390777588
train loss
0.6433251798152924
time: 14.988531351089478
train loss
0.6397512018680572
time: 15.006062030792236
train loss
0.6376948833465577
time: 14.990514516830444
train loss
0.6351686716079712
time: 15.005184888839722
train loss
0.6327769100666046
time: 15.06849980354309
train loss
0.6312731206417084
test loss
0.0010769715532660483
0.04391689747571945
time: 15.153929233551025
train loss
0.6302431106567383
time: 15.139386653900146
train loss
0.6302606284618377
time: 15.162378549575806
train loss
0.6314989447593689
time: 15.123489141464233
train loss
0.6319317519664764
time: 15.117067813873291
train loss
0.6302191615104675
time: 15.149914741516113
train loss
0.629139918088913
time: 15.13725996017456
train loss
0.6293608576059342
time: 15.132277250289917
train loss
0.629433673620224
time: 15.13575029373169
train loss
0.6300489872694015
time: 15.151190042495728
train loss
0.6298681020736694
test loss
0.0010735906660556793
0.0448255330324173
/pscratch/sd/g/gzhao27/INR/SOMA/2024-12-09SOMA-inr_w020_ld180.pt
time: 15.016513586044312
train loss
0.6296833574771881
time: 15.019948244094849
train loss
0.6289414644241333
time: 14.988637447357178
train loss
0.6285087704658509
time: 14.999772548675537
train loss
0.6289059519767761
time: 15.00272250175476
train loss
0.6286045908927917
time: 15.0254065990448
train loss
0.6286783993244172
time: 14.995139360427856
train loss
0.6293164372444153
time: 15.011125802993774
train loss
0.6306018590927124
time: 14.997038841247559
train loss
0.6328316628932953
time: 15.069674253463745
train loss
0.6341190814971924
test loss
0.0010833502979949116
0.04447429552674294
time: 15.970428228378296
train loss
0.636943656206131
time: 16.742902278900146
train loss
0.6354783117771149
time: 15.066300868988037
train loss
0.6344892382621765
time: 15.219630479812622
train loss
0.6343974798917771
time: 15.057412385940552
train loss
0.6384683191776276
time: 15.01719045639038
train loss
0.6427809536457062
time: 15.02238392829895
train loss
0.6398634910583496
time: 15.060930728912354
train loss
0.6357356667518616
time: 15.06750750541687
train loss
0.6335437059402466
time: 15.052542924880981
train loss
0.6320365279912948
test loss
0.0010783553356304766
0.04512489438056946
time: 15.060920238494873
train loss
0.6315877079963684
time: 15.088276624679565
train loss
0.6302759945392609
time: 15.841042280197144
train loss
0.630496346950531
time: 15.06751012802124
train loss
0.6309153079986572
time: 15.08766508102417
train loss
0.6304758012294769
time: 15.034478425979614
train loss
0.6308831214904785
time: 15.004982709884644
train loss
0.629106193780899
time: 15.050997257232666
train loss
0.6291437327861786
time: 15.050092935562134
train loss
0.629102623462677
time: 15.012032985687256
train loss
0.630356240272522
test loss
0.001073399535380304
0.04412268102169037
/pscratch/sd/g/gzhao27/INR/SOMA/2024-12-09SOMA-inr_w020_ld180.pt
time: 14.930385828018188
train loss
0.6325900375843048
time: 14.895564556121826
train loss
0.635470861196518
time: 14.88861894607544
train loss
0.6376708924770356
time: 14.905235052108765
train loss
0.6395708858966828
time: 14.949037551879883
train loss
0.6366184622049331
time: 14.90415358543396
train loss
0.6366675198078156
time: 14.925403118133545
train loss
0.6362750113010407
time: 14.917253732681274
train loss
0.6343849837779999
time: 14.922452211380005
train loss
0.6329636454582215
time: 14.936553716659546
train loss
0.6320214629173279
test loss
0.0010779475327581168
0.04502365365624428
time: 14.937709093093872
train loss
0.6303343176841736
time: 14.89181900024414
train loss
0.6284051835536957
time: 14.936359882354736
train loss
0.6283788323402405
time: 14.906780481338501
train loss
0.6295862078666687
time: 14.907588005065918
train loss
0.6296268939971924
time: 14.906458139419556
train loss
0.6309522330760956
time: 14.940193891525269
train loss
0.6304624319076538
time: 14.984710931777954
train loss
0.6288841784000396
time: 14.974782705307007
train loss
0.6288217723369598
time: 14.941047668457031
train loss
0.6300717949867248
test loss
0.0010732703376561403
0.044799229502677916
/pscratch/sd/g/gzhao27/INR/SOMA/2024-12-09SOMA-inr_w020_ld180.pt
time: 14.95475172996521
train loss
0.6285822272300721
time: 14.946470737457275
train loss
0.6281823337078094
time: 14.958261489868164
train loss
0.6276515066623688
time: 14.961581468582153
train loss
0.6280568778514862
time: 14.952574014663696
train loss
0.6289299964904785
time: 14.953220844268799
train loss
0.6302191138267517
time: 14.931030035018921
train loss
0.6301419794559479
time: 14.940932273864746
train loss
0.6330270886421203
time: 14.931492328643799
train loss
0.6348649799823761
time: 14.927802801132202
train loss
0.640413123369217
test loss
0.0010912236990407108
0.04689811617136001
time: 14.964602947235107
train loss
0.6458048224449158
time: 14.908774137496948
train loss
0.6511262595653534
time: 14.897899389266968
train loss
0.6630085527896881
time: 14.900511980056763
train loss
0.6814789235591888
time: 14.927558898925781
train loss
0.6863311469554901
time: 14.8924880027771
train loss
0.6766094326972961
time: 14.910395860671997
train loss
0.6676326632499695
time: 15.038177967071533
train loss
0.6525709748268127
time: 14.897016525268555
train loss
0.6439560115337372
time: 14.893694400787354
train loss
0.6411580204963684
test loss
0.001087103527970612
0.04339383915066719
time: 14.905090808868408
train loss
0.6392388284206391
time: 14.919638633728027
train loss
0.6370015621185303
time: 14.90070915222168
train loss
0.6337163150310516
time: 14.902480363845825
train loss
0.6324502289295196
time: 14.902181148529053
train loss
0.6311969578266143
time: 14.926616907119751
train loss
0.6309604823589325
time: 14.892387628555298
train loss
0.6318516790866852
time: 14.894601821899414
train loss
0.6313097417354584
time: 14.926013946533203
train loss
0.6323423504829406
time: 14.927234888076782
train loss
0.6329607486724853
test loss
0.0010771081317216158
0.04499119892716408
time: 14.93862771987915
train loss
0.6315949559211731
time: 14.98088026046753
train loss
0.6307896792888641
time: 14.90701150894165
train loss
0.6324909150600433
time: 14.919428825378418
train loss
0.6316582262516022
time: 14.883008003234863
train loss
0.6315181136131287
time: 14.900164365768433
train loss
0.6306043326854706
time: 14.931046962738037
train loss
0.6298655271530151
time: 14.941290855407715
train loss
0.6296983242034913
time: 15.00767469406128
train loss
0.6293170332908631
time: 15.006087303161621
train loss
0.6286901891231537
test loss
0.001074458658695221
0.04419920146465302
time: 15.01707673072815
train loss
0.6278627872467041
time: 15.004631757736206
train loss
0.627831506729126
time: 15.00382137298584
train loss
0.6289435505867005
time: 14.997735023498535
train loss
0.6281663358211518
time: 14.984175682067871
train loss
0.6272717177867889
time: 14.991254329681396
train loss
0.6291951477527619
time: 14.987536668777466
train loss
0.6307312548160553
time: 15.009456634521484
train loss
0.6306151449680328
time: 15.010687351226807
train loss
0.6293235182762146
time: 15.011956930160522
train loss
0.6289518058300019
test loss
0.0010762999299913645
0.04362223893404007
time: 15.043439149856567
train loss
0.6331996917724609
time: 15.008289337158203
train loss
0.6464567661285401
time: 15.00605058670044
train loss
0.6432442009449005
time: 15.040461301803589
train loss
0.6366647720336914
time: 15.00992751121521
train loss
0.6352432668209076
time: 15.006916284561157
train loss
0.6359842240810394
time: 15.000462770462036
train loss
0.6333100020885467
time: 14.984206199645996
train loss
0.6308617234230042
time: 14.986638307571411
train loss
0.629857188463211
time: 15.012681722640991
train loss
0.6296164631843567
test loss
0.0010773856192827225
0.04565291777253151
time: 15.056047677993774
train loss
0.6301651418209075
time: 14.983247518539429
train loss
0.6308951616287232
time: 15.010248899459839
train loss
0.6317010164260864
time: 15.005725860595703
train loss
0.6295598596334457
time: 14.999257326126099
train loss
0.6302769005298614
time: 15.026913166046143
train loss
0.6346547961235046
time: 14.985584020614624
train loss
0.6328853011131287
time: 15.026390314102173
train loss
0.6313039720058441
time: 15.024331092834473
train loss
0.6302965342998504
time: 15.015552759170532
train loss
0.6279803037643432
test loss
0.0010742829414084553
0.042656606435775755
time: 15.05172324180603
train loss
0.6280805706977844
time: 15.010622024536133
train loss
0.6271288990974426
time: 15.012707710266113
train loss
0.6278286337852478
time: 15.016271114349365
train loss
0.6290890872478485
time: 15.106222152709961
train loss
0.628316330909729
time: 15.817022562026978
train loss
0.6291551709175109
time: 14.896241188049316
train loss
0.6296646118164062
time: 14.959482192993164
train loss
0.6300542175769805
time: 14.87453842163086
train loss
0.6318149924278259
time: 14.8557288646698
train loss
0.633928781747818
test loss
0.0010904423194006085
0.0462894931435585
time: 14.928148984909058
train loss
0.6517211198806763
time: 14.90541696548462
train loss
0.669468343257904
time: 14.895384311676025
train loss
0.6695987343788147
time: 14.890030860900879
train loss
0.6579437494277954
time: 14.915140151977539
train loss
0.6574806988239288
time: 14.910183191299438
train loss
0.653939351439476
time: 14.909198522567749
train loss
0.6594317495822907
time: 14.914016008377075
train loss
0.6486054003238678
time: 14.920738697052002
train loss
0.6430311858654022
time: 14.906266450881958
train loss
0.6405014038085938
test loss
0.0010855322587303817
0.045192237198352816
time: 14.919909954071045
train loss
0.6387081503868103
time: 14.907557487487793
train loss
0.6354283690452576
time: 14.9023756980896
train loss
0.640944904088974
time: 14.897558212280273
train loss
0.6384737521409989
time: 14.941581726074219
train loss
0.6365985691547393
time: 14.933481931686401
train loss
0.632924884557724
time: 14.900783061981201
train loss
0.6308478236198425
time: 14.920612335205078
train loss
0.6302840828895568
time: 14.928434371948242
train loss
0.6295608043670654
time: 14.901841640472412
train loss
0.628513777256012
test loss
0.0010715634562075138
0.04488731175661087
/pscratch/sd/g/gzhao27/INR/SOMA/2024-12-09SOMA-inr_w020_ld180.pt
time: 14.94115924835205
train loss
0.628345501422882
time: 14.936625003814697
train loss
0.6295282542705536
time: 14.924631357192993
train loss
0.6316209137439728
time: 14.950440645217896
train loss
0.6322595655918122
time: 14.914491415023804
train loss
0.6339262843132019
time: 14.903454065322876
train loss
0.6315236151218414
time: 14.89786982536316
train loss
0.6294810712337494
time: 14.95113730430603
train loss
0.6284413993358612
time: 14.924712181091309
train loss
0.6278616309165954
time: 14.930687427520752
train loss
0.6275507539510727
test loss
0.001073369465302676
0.04467642307281494
time: 14.94010043144226
train loss
0.6280812680721283
time: 14.91762113571167
train loss
0.6281453490257263
time: 14.917139291763306
train loss
0.6269587755203248
time: 14.922231674194336
train loss
0.6267308354377746
time: 14.908737421035767
train loss
0.6277065217494965
time: 14.904439687728882
train loss
0.6284485638141633
time: 14.890981435775757
train loss
0.6284822404384613
time: 14.900726795196533
train loss
0.6275552451610565
time: 14.902845859527588
train loss
0.6274223804473877
time: 14.90469741821289
train loss
0.6273298919200897
test loss
0.0010707586305215954
0.04403269812464714
/pscratch/sd/g/gzhao27/INR/SOMA/2024-12-09SOMA-inr_w020_ld180.pt
time: 14.926063537597656
train loss
0.6274296939373016
time: 14.894459962844849
train loss
0.6282967805862427
time: 14.914970397949219
train loss
0.6270130336284637
time: 14.900939464569092
train loss
0.6270309925079346
time: 14.91019892692566
train loss
0.6274531841278076
time: 14.994698286056519
train loss
0.6286677539348602
time: 15.01249384880066
train loss
0.6300687611103057
time: 14.968937158584595
train loss
0.6311572253704071
time: 14.965806722640991
train loss
0.6306132316589356
time: 14.953327894210815
train loss
0.6309578955173493
test loss
0.0010774110094644129
0.04500107318162918
time: 14.96248483657837
train loss
0.6395502090454102
time: 14.936323404312134
train loss
0.642389464378357
time: 14.92059850692749
train loss
0.6698509335517884
time: 14.90352725982666
train loss
0.7313642978668213
time: 14.881858825683594
train loss
0.709903621673584
time: 14.879530191421509
train loss
0.7473441362380981
time: 14.925564527511597
train loss
0.7208281457424164
time: 14.912821292877197
train loss
0.6942901313304901
time: 14.917731523513794
train loss
0.6714373588562011
time: 14.926483154296875
train loss
0.6562265634536744
test loss
0.0011001391801983118
0.04692331925034523
time: 14.948765993118286
train loss
0.6600597679615021
time: 14.89953899383545
train loss
0.6601388037204743
time: 14.901021957397461
train loss
0.6487679719924927
time: 14.918165922164917
train loss
0.6436744093894958
time: 14.91433596611023
train loss
0.6394079566001892
time: 14.912545442581177
train loss
0.6366828680038452
time: 14.903482437133789
train loss
0.6352160990238189
time: 14.87050199508667
train loss
0.6334527373313904
time: 14.88693118095398
train loss
0.6329383611679077
time: 14.892659902572632
train loss
0.6321128487586976
test loss
0.0010746437357738615
0.04422117471694946
time: 14.927088975906372
train loss
0.6315918743610383
time: 14.900507926940918
train loss
0.6303965628147126
time: 14.91129446029663
train loss
0.6301154434680939
time: 14.915976762771606
train loss
0.6356369972229003
time: 14.924745321273804
train loss
0.6410610795021057
time: 14.922005653381348
train loss
0.6390391528606415
time: 14.939072847366333
train loss
0.6443476974964142
time: 14.902435541152954
train loss
0.637798261642456
time: 15.08970046043396
train loss
0.6343448162078857
time: 14.99119257926941
train loss
0.6328226685523987
test loss
0.0010756421135738492
0.04470779299736023
time: 14.925371170043945
train loss
0.6315107107162475
time: 14.90085506439209
train loss
0.6297459661960602
time: 14.903925657272339
train loss
0.6282311856746674
time: 14.90773868560791
train loss
0.6279954254627228
time: 14.92672872543335
train loss
0.6280377596616745
time: 14.917973518371582
train loss
0.6278439104557038
time: 14.931084156036377
train loss
0.6282962024211883
time: 14.90390133857727
train loss
0.6280441910028458
time: 14.915565013885498
train loss
0.6272148966789246
test loss
0.0010708955232985318
0.04470779299736023
finish
wandb: - 0.014 MB of 0.116 MB uploadedwandb: 
wandb: Run history:
wandb:     test_loss ▇▅▄▃▅▃▃█▂▂▂▂▂▂▂▂▄▂▂▂▂▂▂▂▁▁▁▂▁▅▁▂▂▁▂▁▁▂▁▁
wandb: test_rel_loss ▁▃▂▂▂▃▃█▃▃▂▂▂▂▂▃▆▂▂▂▁▄▂▂▂▂▁▃▂▆▂▄▂▂▂▂▂▃▂▂
wandb:    train_loss █▅▃▃▄▂▂▆▂▂▂▂▂▂▂▂▃▂▂▂▁▂▂▂▁▁▁▁▁▃▁▂▂▁▁▁▁▁▁▁
wandb: 
wandb: Run summary:
wandb:    results_dir /pscratch/sd/g/gzhao...
wandb:      test_loss 0.00107
wandb:  test_rel_loss 0.04471
wandb:     train_loss 0.62721
wandb: train_rel_loss inf
wandb: 
wandb: 🚀 View run SOMA-inr_w020_ld180 at: https://wandb.ai/bnl-lemon/w0search/runs/3gnlpj6r
wandb: ⭐️ View project at: https://wandb.ai/bnl-lemon/w0search
wandb: Synced 6 W&B file(s), 0 media file(s), 0 artifact file(s) and 0 other file(s)
wandb: Find logs at: /pscratch/sd/g/gzhao27/INR/coral/wandb/wandb/run-20241209_030317-3gnlpj6r/logs
wandb: WARNING The new W&B backend becomes opt-out in version 0.18.0; try it out with `wandb.require("core")`! See https://wandb.me/wandb-core for more information.
